Component: ARM Compiler 5.06 update 6 (build 750) Tool: armlink [4d35ed]

==============================================================================

Section Cross References

    main.o(.text) refers to misc.o(.text) for NVIC_PriorityGroupConfig
    main.o(.text) refers to stm32f10x_rcc.o(.text) for RCC_APB1PeriphClockCmd
    main.o(.text) refers to stm32f10x_gpio.o(.text) for GPIO_Init
    main.o(.text) refers to stm32f10x_tim.o(.text) for TIM_TimeBaseInit
    main.o(.text) refers to delay.o(.text) for delay_init
    main.o(.text) refers to led.o(.text) for LED_Init
    main.o(.text) refers to usb_init.o(.text) for USB_Init
    main.o(.text) refers to adc.o(.text) for ADC1_CH1_Init
    main.o(.text) refers to main.o(.bss) for LED_Breathe_Buf
    main.o(.text) refers to main.o(.data) for cnt
    system_stm32f10x.o(.text) refers to system_stm32f10x.o(.data) for SystemCoreClock
    led.o(.text) refers to stm32f10x_rcc.o(.text) for RCC_APB2PeriphClockCmd
    led.o(.text) refers to stm32f10x_gpio.o(.text) for GPIO_Init
    adc.o(.text) refers to stm32f10x_dma.o(.text) for DMA_ClearFlag
    adc.o(.text) refers to stm32f10x_tim.o(.text) for TIM_TimeBaseInit
    adc.o(.text) refers to misc.o(.text) for NVIC_PriorityGroupConfig
    adc.o(.text) refers to stm32f10x_rcc.o(.text) for RCC_AHBPeriphClockCmd
    adc.o(.text) refers to stm32f10x_gpio.o(.text) for GPIO_Init
    adc.o(.text) refers to stm32f10x_adc.o(.text) for ADC_Init
    adc.o(.text) refers to hw_config.o(.text) for USB_USART_SendData
    adc.o(.text) refers to adc.o(.data) for buf_len
    adc.o(.text) refers to adc.o(.bss) for DMA_InitStructure
    delay.o(.text) refers to misc.o(.text) for SysTick_CLKSourceConfig
    delay.o(.text) refers to system_stm32f10x.o(.data) for SystemCoreClock
    delay.o(.text) refers to delay.o(.data) for fac_us
    startup_stm32f10x_hd.o(STACK) refers (Special) to heapauxi.o(.text) for __use_two_region_memory
    startup_stm32f10x_hd.o(HEAP) refers (Special) to heapauxi.o(.text) for __use_two_region_memory
    startup_stm32f10x_hd.o(RESET) refers (Special) to heapauxi.o(.text) for __use_two_region_memory
    startup_stm32f10x_hd.o(RESET) refers to startup_stm32f10x_hd.o(STACK) for __initial_sp
    startup_stm32f10x_hd.o(RESET) refers to startup_stm32f10x_hd.o(.text) for Reset_Handler
    startup_stm32f10x_hd.o(RESET) refers to stm32f10x_it.o(.text) for NMI_Handler
    startup_stm32f10x_hd.o(RESET) refers to adc.o(.text) for DMA1_Channel1_IRQHandler
    startup_stm32f10x_hd.o(RESET) refers to hw_config.o(.text) for USB_LP_CAN1_RX0_IRQHandler
    startup_stm32f10x_hd.o(RESET) refers to main.o(.text) for TIM2_IRQHandler
    startup_stm32f10x_hd.o(.text) refers (Special) to heapauxi.o(.text) for __use_two_region_memory
    startup_stm32f10x_hd.o(.text) refers to system_stm32f10x.o(.text) for SystemInit
    startup_stm32f10x_hd.o(.text) refers to __main.o(!!!main) for __main
    startup_stm32f10x_hd.o(.text) refers to startup_stm32f10x_hd.o(HEAP) for Heap_Mem
    startup_stm32f10x_hd.o(.text) refers to startup_stm32f10x_hd.o(STACK) for Stack_Mem
    stm32f10x_gpio.o(.text) refers to stm32f10x_rcc.o(.text) for RCC_APB2PeriphResetCmd
    stm32f10x_rcc.o(.text) refers to stm32f10x_rcc.o(.data) for APBAHBPrescTable
    stm32f10x_tim.o(.text) refers to stm32f10x_rcc.o(.text) for RCC_APB2PeriphResetCmd
    stm32f10x_usart.o(.text) refers to stm32f10x_rcc.o(.text) for RCC_APB2PeriphResetCmd
    stm32f10x_adc.o(.text) refers to stm32f10x_rcc.o(.text) for RCC_APB2PeriphResetCmd
    hw_config.o(.text) refers to stm32f10x_exti.o(.text) for EXTI_ClearITPendingBit
    hw_config.o(.text) refers to usb_istr.o(.text) for USB_Istr
    hw_config.o(.text) refers to stm32f10x_rcc.o(.text) for RCC_USBCLKConfig
    hw_config.o(.text) refers to misc.o(.text) for NVIC_Init
    hw_config.o(.text) refers to c89vsprintf.o(.text) for __c89vsprintf
    hw_config.o(.text) refers to strlen.o(.text) for strlen
    hw_config.o(.text) refers to usb_pwr.o(.data) for bDeviceState
    hw_config.o(.text) refers to usb_init.o(.bss) for Device_Info
    hw_config.o(.text) refers to usb_desc.o(.data) for Virtual_Com_Port_StringSerial
    hw_config.o(.text) refers to hw_config.o(.bss) for uu_txfifo
    hw_config.o(.text) refers to hw_config.o(.data) for USB_USART_RX_STA
    usb_endp.o(.text) refers to usb_mem.o(.text) for UserToPMABufferCopy
    usb_endp.o(.text) refers to usb_regs.o(.text) for SetEPTxCount
    usb_endp.o(.text) refers to usb_sil.o(.text) for USB_SIL_Read
    usb_endp.o(.text) refers to adc.o(.text) for USB_To_USART_Send_Data
    usb_endp.o(.text) refers to hw_config.o(.bss) for uu_txfifo
    usb_endp.o(.text) refers to usb_endp.o(.bss) for USB_Rx_Buffer
    usb_endp.o(.text) refers to usb_pwr.o(.data) for bDeviceState
    usb_endp.o(.text) refers to usb_endp.o(.data) for FrameCount
    usb_istr.o(.text) refers to usb_endp.o(.text) for SOF_Callback
[...]
    _printf_widthprec                        0x00000000   Number         0  printf_stubs.o ABSOLUTE
    __ARM_exceptions_init                     - Undefined Weak Reference
    __alloca_initialize                       - Undefined Weak Reference
    __arm_preinit_                            - Undefined Weak Reference
    __cpp_initialize__aeabi_                  - Undefined Weak Reference
    __cxa_finalize                            - Undefined Weak Reference
    __sigvec_lookup                           - Undefined Weak Reference
    _atexit_init                              - Undefined Weak Reference
    _call_atexit_fns                          - Undefined Weak Reference
    _clock_init                               - Undefined Weak Reference
    _fp_trap_init                             - Undefined Weak Reference
    _fp_trap_shutdown                         - Undefined Weak Reference
    _get_lc_collate                           - Undefined Weak Reference
    _get_lc_monetary                          - Undefined Weak Reference
    _get_lc_time                              - Undefined Weak Reference
    _getenv_init                              - Undefined Weak Reference
    _handle_redirection                       - Undefined Weak Reference
    _init_alloc                               - Undefined Weak Reference
    _init_user_alloc                          - Undefined Weak Reference
    _initio                                   - Undefined Weak Reference
    _printf_fp_hex                            - Undefined Weak Reference
    _printf_mbtowc                            - Undefined Weak Reference
    _printf_wc                                - Undefined Weak Reference
    _rand_init                                - Undefined Weak Reference
    _signal_finish                            - Undefined Weak Reference
    _signal_init                              - Undefined Weak Reference
    _terminate_alloc                          - Undefined Weak Reference
    _terminate_user_alloc                     - Undefined Weak Reference
    _terminateio                              - Undefined Weak Reference
    __Vectors_Size                           0x00000130   Number         0  startup_stm32f10x_hd.o ABSOLUTE
    __Vectors                                0x08000000   Data           4  startup_stm32f10x_hd.o(RESET)
    __Vectors_End                            0x08000130   Data           0  startup_stm32f10x_hd.o(RESET)
    __main                                   0x08000131   Thumb Code     8  __main.o(!!!main)
    __scatterload                            0x08000139   Thumb Code     0  __scatter.o(!!!scatter)
    __scatterload_rt2                        0x08000139   Thumb Code    44  __scatter.o(!!!scatter)
    __scatterload_rt2_thumb_only             0x08000139   Thumb Code     0  __scatter.o(!!!scatter)
    __scatterload_null                       0x08000147   Thumb Code     0  __scatter.o(!!!scatter)
    __decompress                             0x0800016d   Thumb Code    90  __dczerorl2.o(!!dczerorl2)
    __decompress1                            0x0800016d   Thumb Code     0  __dczerorl2.o(!!dczerorl2)
    __scatterload_zeroinit                   0x080001c9   Thumb Code    28  __scatter_zi.o(!!handler_zi)
    _printf_n                                0x080001e5   Thumb Code     0  _printf_n.o(.ARM.Collect$$_printf_percent$$00000001)
    _printf_percent                          0x080001e5   Thumb Code     0  _printf_percent.o(.ARM.Collect$$_printf_percent$$00000000)
    _printf_p                                0x080001eb   Thumb Code     0  _printf_p.o(.ARM.Collect$$_printf_percent$$00000002)
    _printf_f                                0x080001f1   Thumb Code     0  _printf_f.o(.ARM.Collect$$_printf_percent$$00000003)
    _printf_e                                0x080001f7   Thumb Code     0  _printf_e.o(.ARM.Collect$$_printf_percent$$00000004)
    _printf_g                                0x080001fd   Thumb Code     0  _printf_g.o(.ARM.Collect$$_printf_percent$$00000005)
    _printf_a                                0x08000203   Thumb Code     0  _printf_a.o(.ARM.Collect$$_printf_percent$$00000006)
    _printf_ll                               0x08000209   Thumb Code     0  _printf_ll.o(.ARM.Collect$$_printf_percent$$00000007)
    _printf_i                                0x08000213   Thumb Code     0  _printf_i.o(.ARM.Collect$$_printf_percent$$00000008)
    _printf_d                                0x08000219   Thumb Code     0  _printf_d.o(.ARM.Collect$$_printf_percent$$00000009)
    _printf_u                                0x0800021f   Thumb Code     0  _printf_u.o(.ARM.Collect$$_printf_percent$$0000000A)
    _printf_o                                0x08000225   Thumb Code     0  _printf_o.o(.ARM.Collect$$_printf_percent$$0000000B)
    _printf_x                                0x0800022b   Thumb Code     0  _printf_x.o(.ARM.Collect$$_printf_percent$$0000000C)
    _printf_lli                              0x08000231   Thumb Code     0  _printf_lli.o(.ARM.Collect$$_printf_percent$$0000000D)
    _printf_lld                              0x08000237   Thumb Code     0  _printf_lld.o(.ARM.Collect$$_printf_percent$$0000000E)
    _printf_llu                              0x0800023d   Thumb Code     0  _printf_llu.o(.ARM.Collect$$_printf_percent$$0000000F)
    _printf_llo                              0x08000243   Thumb Code     0  _printf_llo.o(.ARM.Collect$$_printf_percent$$00000010)
    _printf_llx                              0x08000249   Thumb Code     0  _printf_llx.o(.ARM.Collect$$_printf_percent$$00000011)
    _printf_l                                0x0800024f   Thumb Code     0  _printf_l.o(.ARM.Collect$$_printf_percent$$00000012)
    _printf_c                                0x08000259   Thumb Code     0  _printf_c.o(.ARM.Collect$$_printf_percent$$00000013)
    _printf_s                                0x0800025f   Thumb Code     0  _printf_s.o(.ARM.Collect$$_printf_percent$$00000014)
    _printf_lc                               0x08000265   Thumb Code     0  _printf_lc.o(.ARM.Collect$$_printf_percent$$00000015)
    _printf_ls                               0x0800026b   Thumb Code     0  _printf_ls.o(.ARM.Collect$$_printf_percent$$00000016)
    _printf_percent_end                      0x08000271   Thumb Code     0  _printf_percent_end.o(.ARM.Collect$$_printf_percent$$00000017)
    __rt_lib_init                            0x08000275   Thumb Code     0  libinit.o(.ARM.Collect$$libinit$$00000000)
    __rt_lib_init_fp_1                       0x08000277   Thumb Code     0  libinit2.o(.ARM.Collect$$libinit$$00000002)
    __rt_lib_init_heap_1                     0x08000277   Thumb Code     0  libinit2.o(.ARM.Collect$$libinit$$0000000A)
    __rt_lib_init_lc_common                  0x08000277   Thumb Code     0  libinit2.o(.ARM.Collect$$libinit$$0000000F)
    __rt_lib_init_preinit_1                  0x08000277   Thumb Code     0  libinit2.o(.ARM.Collect$$libinit$$00000004)
    __rt_lib_init_rand_1                     0x08000277   Thumb Code     0  libinit2.o(.ARM.Collect$$libinit$$0000000E)
    __rt_lib_init_user_alloc_1               0x08000277   Thumb Code     0  libinit2.o(.ARM.Collect$$libinit$$0000000C)
    __rt_lib_init_lc_collate_1               0x0800027d   Thumb Code     0  libinit2.o(.ARM.Collect$$libinit$$00000011)
    __rt_lib_init_lc_ctype_2                 0x0800027d   Thumb Code     0  libinit2.o(.ARM.Collect$$libinit$$00000012)
    __rt_lib_init_lc_ctype_1                 0x08000289   Thumb Code     0  libinit2.o(.ARM.Collect$$libinit$$00000013)
    __rt_lib_init_lc_monetary_1              0x08000289   Thumb Code     0  libinit2.o(.ARM.Collect$$libinit$$00000015)
    __rt_lib_init_lc_numeric_2               0x08000289   Thumb Code     0  libinit2.o(.ARM.Collect$$libinit$$00000016)
    __rt_lib_init_alloca_1                   0x08000293   Thumb Code     0  libinit2.o(.ARM.Collect$$libinit$$0000002E)
    __rt_lib_init_argv_1                     0x08000293   Thumb Code     0  libinit2.o(.ARM.Collect$$libinit$$0000002C)
    __rt_lib_init_atexit_1                   0x08000293   Thumb Code     0  libinit2.o(.ARM.Collect$$libinit$$0000001B)
    __rt_lib_init_clock_1                    0x08000293   Thumb Code     0  libinit2.o(.ARM.Collect$$libinit$$00000021)
    __rt_lib_init_cpp_1                      0x08000293   Thumb Code     0  libinit2.o(.ARM.Collect$$libinit$$00000032)
    __rt_lib_init_exceptions_1               0x08000293   Thumb Code     0  libinit2.o(.ARM.Collect$$libinit$$00000030)
    __rt_lib_init_fp_trap_1                  0x08000293   Thumb Code     0  libinit2.o(.ARM.Collect$$libinit$$0000001F)
    __rt_lib_init_getenv_1                   0x08000293   Thumb Code     0  libinit2.o(.ARM.Collect$$libinit$$00000023)
    __rt_lib_init_lc_numeric_1               0x08000293   Thumb Code     0  libinit2.o(.ARM.Collect$$libinit$$00000017)
    __rt_lib_init_lc_time_1                  0x08000293   Thumb Code     0  libinit2.o(.ARM.Collect$$libinit$$00000019)
    __rt_lib_init_return                     0x08000293   Thumb Code     0  libinit2.o(.ARM.Collect$$libinit$$00000033)
    __rt_lib_init_signal_1                   0x08000293   Thumb Code     0  libinit2.o(.ARM.Collect$$libinit$$0000001D)
    __rt_lib_init_stdio_1                    0x08000293   Thumb Code     0  libinit2.o(.ARM.Collect$$libinit$$00000025)
    __rt_lib_shutdown                        0x08000295   Thumb Code     0  libshutdown.o(.ARM.Collect$$libshutdown$$00000000)
    __rt_lib_shutdown_cpp_1                  0x08000297   Thumb Code     0  libshutdown2.o(.ARM.Collect$$libshutdown$$00000002)
    __rt_lib_shutdown_fp_trap_1              0x08000297   Thumb Code     0  libshutdown2.o(.ARM.Collect$$libshutdown$$00000007)
    __rt_lib_shutdown_heap_1                 0x08000297   Thumb Code     0  libshutdown2.o(.ARM.Collect$$libshutdown$$0000000F)
    __rt_lib_shutdown_return                 0x08000297   Thumb Code     0  libshutdown2.o(.ARM.Collect$$libshutdown$$00000010)
    __rt_lib_shutdown_signal_1               0x08000297   Thumb Code     0  libshutdown2.o(.ARM.Collect$$libshutdown$$0000000A)
    __rt_lib_shutdown_stdio_1                0x08000297   Thumb Code     0  libshutdown2.o(.ARM.Collect$$libshutdown$$00000004)
    __rt_lib_shutdown_user_alloc_1           0x08000297   Thumb Code     0  libshutdown2.o(.ARM.Collect$$libshutdown$$0000000C)
    __rt_entry                               0x08000299   Thumb Code     0  __rtentry.o(.ARM.Collect$$rtentry$$00000000)
    __rt_entry_presh_1                       0x08000299   Thumb Code     0  __rtentry2.o(.ARM.Collect$$rtentry$$00000002)
    __rt_entry_sh                            0x08000299   Thumb Code     0  __rtentry4.o(.ARM.Collect$$rtentry$$00000004)
    __rt_entry_li                            0x0800029f   Thumb Code     0  __rtentry2.o(.ARM.Collect$$rtentry$$0000000A)
    __rt_entry_postsh_1                      0x0800029f   Thumb Code     0  __rtentry2.o(.ARM.Collect$$rtentry$$00000009)
    __rt_entry_main                          0x080002a3   Thumb Code     0  __rtentry2.o(.ARM.Collect$$rtentry$$0000000D)
    __rt_entry_postli_1                      0x080002a3   Thumb Code     0  __rtentry2.o(.ARM.Collect$$rtentry$$0000000C)
    __rt_exit                                0x080002ab   Thumb Code     0  rtexit.o(.ARM.Collect$$rtexit$$00000000)
    __rt_exit_ls                             0x080002ad   Thumb Code     0  rtexit2.o(.ARM.Collect$$rtexit$$00000003)
    __rt_exit_prels_1                        0x080002ad   Thumb Code     0  rtexit2.o(.ARM.Collect$$rtexit$$00000002)
    __rt_exit_exit                           0x080002b1   Thumb Code     0  rtexit2.o(.ARM.Collect$$rtexit$$00000004)
    Buf_Dataset                              0x080002b9   Thumb Code    62  main.o(.text)
    TIM2_Init                                0x080002f7   Thumb Code   202  main.o(.text)
    main                                     0x080003c1   Thumb Code    46  main.o(.text)
    TIM2_IRQHandler                          0x080003ef   Thumb Code    64  main.o(.text)
    NMI_Handler                              0x08000445   Thumb Code     2  stm32f10x_it.o(.text)
    HardFault_Handler                        0x08000447   Thumb Code     4  stm32f10x_it.o(.text)
    MemManage_Handler                        0x0800044b   Thumb Code     4  stm32f10x_it.o(.text)
    BusFault_Handler                         0x0800044f   Thumb Code     4  stm32f10x_it.o(.text)
    UsageFault_Handler                       0x08000453   Thumb Code     4  stm32f10x_it.o(.text)
    SVC_Handler                              0x08000457   Thumb Code     2  stm32f10x_it.o(.text)
    DebugMon_Handler                         0x08000459   Thumb Code     2  stm32f10x_it.o(.text)
    PendSV_Handler                           0x0800045b   Thumb Code     2  stm32f10x_it.o(.text)
    SysTick_Handler                          0x0800045d   Thumb Code     2  stm32f10x_it.o(.text)
    SystemInit                               0x0800053f   Thumb Code    78  system_stm32f10x.o(.text)
    SystemCoreClockUpdate                    0x0800058d   Thumb Code   142  system_stm32f10x.o(.text)
    LED_Init                                 0x08000641   Thumb Code    40  led.o(.text)
    GPO_Init                                 0x08000669   Thumb Code    44  led.o(.text)
    GPI_Init                                 0x08000695   Thumb Code    54  led.o(.text)
    DMA_ReSet                                0x080006d1   Thumb Code    78  adc.o(.text)
    TIM_ReSet                                0x0800071f   Thumb Code    62  adc.o(.text)
    ADC1_CH1_Init                            0x0800075d   Thumb Code   266  adc.o(.text)
    DMA1_Channel1_IRQHandler                 0x08000867   Thumb Code    88  adc.o(.text)
    USB_To_USART_Send_Data                   0x080008bf   Thumb Code   244  adc.o(.text)
    delay_init                               0x080009ed   Thumb Code    50  delay.o(.text)
    delay_us                                 0x08000a1f   Thumb Code    72  delay.o(.text)
    delay_ms                                 0x08000a67   Thumb Code    72  delay.o(.text)
    Reset_Handler                            0x08000ac1   Thumb Code     8  startup_stm32f10x_hd.o(.text)
    ADC1_2_IRQHandler                        0x08000adb   Thumb Code     0  startup_stm32f10x_hd.o(.text)
    ADC3_IRQHandler                          0x08000adb   Thumb Code     0  startup_stm32f10x_hd.o(.text)
    CAN1_RX1_IRQHandler                      0x08000adb   Thumb Code     0  startup_stm32f10x_hd.o(.text)
    CAN1_SCE_IRQHandler                      0x08000adb   Thumb Code     0  startup_stm32f10x_hd.o(.text)
    DMA1_Channel2_IRQHandler                 0x08000adb   Thumb Code     0  startup_stm32f10x_hd.o(.text)
    DMA1_Channel3_IRQHandler                 0x08000adb   Thumb Code     0  startup_stm32f10x_hd.o(.text)
    DMA1_Channel4_IRQHandler                 0x08000adb   Thumb Code     0  startup_stm32f10x_hd.o(.text)
    DMA1_Channel5_IRQHandler                 0x08000adb   Thumb Code     0  startup_stm32f10x_hd.o(.text)
    DMA1_Channel6_IRQHandler                 0x08000adb   Thumb Code     0  startup_stm32f10x_hd.o(.text)
    DMA1_Channel7_IRQHandler                 0x08000adb   Thumb Code     0  startup_stm32f10x_hd.o(.text)
    DMA2_Channel1_IRQHandler                 0x08000adb   Thumb Code     0  startup_stm32f10x_hd.o(.text)
    DMA2_Channel2_IRQHandler                 0x08000adb   Thumb Code     0  startup_stm32f10x_hd.o(.text)
    DMA2_Channel3_IRQHandler                 0x08000adb   Thumb Code     0  startup_stm32f10x_hd.o(.text)
    DMA2_Channel4_5_IRQHandler               0x08000adb   Thumb Code     0  startup_stm32f10x_hd.o(.text)
    EXTI0_IRQHandler                         0x08000adb   Thumb Code     0  startup_stm32f10x_hd.o(.text)
    EXTI15_10_IRQHandler                     0x08000adb   Thumb Code     0  startup_stm32f10x_hd.o(.text)
    EXTI1_IRQHandler                         0x08000adb   Thumb Code     0  startup_stm32f10x_hd.o(.text)
    EXTI2_IRQHandler                         0x08000adb   Thumb Code     0  startup_stm32f10x_hd.o(.text)
    EXTI3_IRQHandler                         0x08000adb   Thumb Code     0  startup_stm32f10x_hd.o(.text)
    EXTI4_IRQHandler                         0x08000adb   Thumb Code     0  startup_stm32f10x_hd.o(.text)
    EXTI9_5_IRQHandler                       0x08000adb   Thumb Code     0  startup_stm32f10x_hd.o(.text)
    FLASH_IRQHandler                         0x08000adb   Thumb Code     0  startup_stm32f10x_hd.o(.text)
    FSMC_IRQHandler                          0x08000adb   Thumb Code     0  startup_stm32f10x_hd.o(.text)
    I2C1_ER_IRQHandler                       0x08000adb   Thumb Code     0  startup_stm32f10x_hd.o(.text)
    I2C1_EV_IRQHandler                       0x08000adb   Thumb Code     0  startup_stm32f10x_hd.o(.text)
    I2C2_ER_IRQHandler                       0x08000adb   Thumb Code     0  startup_stm32f10x_hd.o(.text)
    I2C2_EV_IRQHandler                       0x08000adb   Thumb Code     0  startup_stm32f10x_hd.o(.text)
    PVD_IRQHandler                           0x08000adb   Thumb Code     0  startup_stm32f10x_hd.o(.text)
    RCC_IRQHandler                           0x08000adb   Thumb Code     0  startup_stm32f10x_hd.o(.text)
    RTCAlarm_IRQHandler                      0x08000adb   Thumb Code     0  startup_stm32f10x_hd.o(.text)
    RTC_IRQHandler                           0x08000adb   Thumb Code     0  startup_stm32f10x_hd.o(.text)
    SDIO_IRQHandler                          0x08000adb   Thumb Code     0  startup_stm32f10x_hd.o(.text)
    SPI1_IRQHandler                          0x08000adb   Thumb Code     0  startup_stm32f10x_hd.o(.text)
    SPI2_IRQHandler                          0x08000adb   Thumb Code     0  startup_stm32f10x_hd.o(.text)
    SPI3_IRQHandler                          0x08000adb   Thumb Code     0  startup_stm32f10x_hd.o(.text)
    TAMPER_IRQHandler                        0x08000adb   Thumb Code     0  startup_stm32f10x_hd.o(.text)
    TIM1_BRK_IRQHandler                      0x08000adb   Thumb Code     0  startup_stm32f10x_hd.o(.text)
    TIM1_CC_IRQHandler                       0x08000adb   Thumb Code     0  startup_stm32f10x_hd.o(.text)
    TIM1_TRG_COM_IRQHandler                  0x08000adb   Thumb Code     0  startup_stm32f10x_hd.o(.text)
    TIM1_UP_IRQHandler                       0x08000adb   Thumb Code     0  startup_stm32f10x_hd.o(.text)
    TIM3_IRQHandler                          0x08000adb   Thumb Code     0  startup_stm32f10x_hd.o(.text)
    TIM4_IRQHandler                          0x08000adb   Thumb Code     0  startup_stm32f10x_hd.o(.text)
    TIM5_IRQHandler                          0x08000adb   Thumb Code     0  startup_stm32f10x_hd.o(.text)
    TIM6_IRQHandler                          0x08000adb   Thumb Code     0  startup_stm32f10x_hd.o(.text)
    TIM7_IRQHandler                          0x08000adb   Thumb Code     0  startup_stm32f10x_hd.o(.text)
    TIM8_BRK_IRQHandler                      0x08000adb   Thumb Code     0  startup_stm32f10x_hd.o(.text)
    TIM8_CC_IRQHandler                       0x08000adb   Thumb Code     0  startup_stm32f10x_hd.o(.text)
    TIM8_TRG_COM_IRQHandler                  0x08000adb   Thumb Code     0  startup_stm32f10x_hd.o(.text)
    TIM8_UP_IRQHandler                       0x08000adb   Thumb Code     0  startup_stm32f10x_hd.o(.text)
    UART4_IRQHandler                         0x08000adb   Thumb Code     0  startup_stm32f10x_hd.o(.text)
    UART5_IRQHandler                         0x08000adb   Thumb Code     0  startup_stm32f10x_hd.o(.text)
    USART1_IRQHandler                        0x08000adb   Thumb Code     0  startup_stm32f10x_hd.o(.text)
    USART2_IRQHandler                        0x08000adb   Thumb Code     0  startup_stm32f10x_hd.o(.text)
    USART3_IRQHandler                        0x08000adb   Thumb Code     0  startup_stm32f10x_hd.o(.text)
    USB_HP_CAN1_TX_IRQHandler                0x08000adb   Thumb Code     0  startup_stm32f10x_hd.o(.text)
    WWDG_IRQHandler                          0x08000adb   Thumb Code     0  startup_stm32f10x_hd.o(.text)
    __user_initial_stackheap                 0x08000add   Thumb Code     0  startup_stm32f10x_hd.o(.text)
    NVIC_PriorityGroupConfig                 0x08000b01   Thumb Code    10  misc.o(.text)
    NVIC_Init                                0x08000b0b   Thumb Code   100  misc.o(.text)
    NVIC_SetVectorTable                      0x08000b6f   Thumb Code    14  misc.o(.text)
    NVIC_SystemLPConfig                      0x08000b7d   Thumb Code    34  misc.o(.text)
    SysTick_CLKSourceConfig                  0x08000b9f   Thumb Code    40  misc.o(.text)
    GPIO_DeInit                              0x08000bdd   Thumb Code   172  stm32f10x_gpio.o(.text)
    GPIO_AFIODeInit                          0x08000c89   Thumb Code    20  stm32f10x_gpio.o(.text)
    GPIO_Init                                0x08000c9d   Thumb Code   278  stm32f10x_gpio.o(.text)
    GPIO_StructInit                          0x08000db3   Thumb Code    16  stm32f10x_gpio.o(.text)
    GPIO_ReadInputDataBit                    0x08000dc3   Thumb Code    18  stm32f10x_gpio.o(.text)
    GPIO_ReadInputData                       0x08000dd5   Thumb Code     8  stm32f10x_gpio.o(.text)
    GPIO_ReadOutputDataBit                   0x08000ddd   Thumb Code    18  stm32f10x_gpio.o(.text)
    GPIO_ReadOutputData                      0x08000def   Thumb Code     8  stm32f10x_gpio.o(.text)
    GPIO_SetBits                             0x08000df7   Thumb Code     4  stm32f10x_gpio.o(.text)
    GPIO_ResetBits                           0x08000dfb   Thumb Code     4  stm32f10x_gpio.o(.text)
    GPIO_WriteBit                            0x08000dff   Thumb Code    10  stm32f10x_gpio.o(.text)
    GPIO_Write                               0x08000e09   Thumb Code     4  stm32f10x_gpio.o(.text)
    GPIO_PinLockConfig                       0x08000e0d   Thumb Code    18  stm32f10x_gpio.o(.text)
    GPIO_EventOutputConfig                   0x08000e1f   Thumb Code    26  stm32f10x_gpio.o(.text)
    GPIO_EventOutputCmd                      0x08000e39   Thumb Code     6  stm32f10x_gpio.o(.text)
    GPIO_PinRemapConfig                      0x08000e3f   Thumb Code   138  stm32f10x_gpio.o(.text)
    GPIO_EXTILineConfig                      0x08000ec9   Thumb Code    66  stm32f10x_gpio.o(.text)
    GPIO_ETH_MediaInterfaceConfig            0x08000f0b   Thumb Code     8  stm32f10x_gpio.o(.text)
    RCC_DeInit                               0x08000f39   Thumb Code    64  stm32f10x_rcc.o(.text)
    RCC_HSEConfig                            0x08000f79   Thumb Code    70  stm32f10x_rcc.o(.text)
    RCC_GetFlagStatus                        0x08000fbf   Thumb Code    56  stm32f10x_rcc.o(.text)
    RCC_WaitForHSEStartUp                    0x08000ff7   Thumb Code    56  stm32f10x_rcc.o(.text)
    RCC_AdjustHSICalibrationValue            0x0800102f   Thumb Code    20  stm32f10x_rcc.o(.text)
    RCC_HSICmd                               0x08001043   Thumb Code     6  stm32f10x_rcc.o(.text)
    RCC_PLLConfig                            0x08001049   Thumb Code    24  stm32f10x_rcc.o(.text)
    RCC_PLLCmd                               0x08001061   Thumb Code     6  stm32f10x_rcc.o(.text)
    RCC_SYSCLKConfig                         0x08001067   Thumb Code    18  stm32f10x_rcc.o(.text)
    RCC_GetSYSCLKSource                      0x08001079   Thumb Code    10  stm32f10x_rcc.o(.text)
    RCC_HCLKConfig                           0x08001083   Thumb Code    18  stm32f10x_rcc.o(.text)
    RCC_PCLK1Config                          0x08001095   Thumb Code    18  stm32f10x_rcc.o(.text)
    RCC_PCLK2Config                          0x080010a7   Thumb Code    20  stm32f10x_rcc.o(.text)
    RCC_ITConfig                             0x080010bb   Thumb Code    26  stm32f10x_rcc.o(.text)
    RCC_USBCLKConfig                         0x080010d5   Thumb Code     8  stm32f10x_rcc.o(.text)
    RCC_ADCCLKConfig                         0x080010dd   Thumb Code    18  stm32f10x_rcc.o(.text)
    RCC_LSEConfig                            0x080010ef   Thumb Code    50  stm32f10x_rcc.o(.text)
    RCC_LSICmd                               0x08001121   Thumb Code     6  stm32f10x_rcc.o(.text)
    RCC_RTCCLKConfig                         0x08001127   Thumb Code    12  stm32f10x_rcc.o(.text)
    RCC_RTCCLKCmd                            0x08001133   Thumb Code     8  stm32f10x_rcc.o(.text)
    RCC_GetClocksFreq                        0x0800113b   Thumb Code   192  stm32f10x_rcc.o(.text)
    RCC_AHBPeriphClockCmd                    0x080011fb   Thumb Code    26  stm32f10x_rcc.o(.text)
    RCC_APB2PeriphClockCmd                   0x08001215   Thumb Code    26  stm32f10x_rcc.o(.text)
    RCC_APB1PeriphClockCmd                   0x0800122f   Thumb Code    26  stm32f10x_rcc.o(.text)
    RCC_APB2PeriphResetCmd                   0x08001249   Thumb Code    26  stm32f10x_rcc.o(.text)
    RCC_APB1PeriphResetCmd                   0x08001263   Thumb Code    26  stm32f10x_rcc.o(.text)
    RCC_BackupResetCmd                       0x0800127d   Thumb Code     8  stm32f10x_rcc.o(.text)
    RCC_ClockSecuritySystemCmd               0x08001285   Thumb Code     6  stm32f10x_rcc.o(.text)
    RCC_MCOConfig                            0x0800128b   Thumb Code     6  stm32f10x_rcc.o(.text)
    RCC_ClearFlag                            0x08001291   Thumb Code    14  stm32f10x_rcc.o(.text)
    RCC_GetITStatus                          0x0800129f   Thumb Code    20  stm32f10x_rcc.o(.text)
    RCC_ClearITPendingBit                    0x080012b3   Thumb Code     6  stm32f10x_rcc.o(.text)
    TIM_DeInit                               0x080012dd   Thumb Code   424  stm32f10x_tim.o(.text)
    TIM_TimeBaseInit                         0x08001485   Thumb Code   122  stm32f10x_tim.o(.text)
    TIM_OC1Init                              0x080014ff   Thumb Code   132  stm32f10x_tim.o(.text)
    TIM_OC2Init                              0x08001583   Thumb Code   154  stm32f10x_tim.o(.text)
    TIM_OC3Init                              0x0800161d   Thumb Code   150  stm32f10x_tim.o(.text)
    TIM_OC4Init                              0x080016b3   Thumb Code   182  stm32f10x_tim.o(.text)
    TIM_SetIC4Prescaler                      0x08001769   Thumb Code    26  stm32f10x_tim.o(.text)
    TIM_SetIC3Prescaler                      0x08001805   Thumb Code    18  stm32f10x_tim.o(.text)
    TIM_SetIC2Prescaler                      0x08001891   Thumb Code    26  stm32f10x_tim.o(.text)
    TIM_SetIC1Prescaler                      0x0800192d   Thumb Code    18  stm32f10x_tim.o(.text)
    TIM_ICInit                               0x080019ab   Thumb Code   150  stm32f10x_tim.o(.text)
    TIM_PWMIConfig                           0x08001a41   Thumb Code   124  stm32f10x_tim.o(.text)
    TIM_BDTRConfig                           0x08001abd   Thumb Code    32  stm32f10x_tim.o(.text)
    TIM_TimeBaseStructInit                   0x08001add   Thumb Code    18  stm32f10x_tim.o(.text)
    TIM_OCStructInit                         0x08001aef   Thumb Code    20  stm32f10x_tim.o(.text)
    TIM_ICStructInit                         0x08001b03   Thumb Code    18  stm32f10x_tim.o(.text)
    TIM_BDTRStructInit                       0x08001b15   Thumb Code    40  stm32f10x_tim.o(.text)
    TIM_Cmd                                  0x08001b3d   Thumb Code    24  stm32f10x_tim.o(.text)
    TIM_CtrlPWMOutputs                       0x08001b55   Thumb Code    30  stm32f10x_tim.o(.text)
    TIM_ITConfig                             0x08001b73   Thumb Code    18  stm32f10x_tim.o(.text)
    TIM_GenerateEvent                        0x08001b85   Thumb Code     4  stm32f10x_tim.o(.text)
    TIM_DMAConfig                            0x08001b89   Thumb Code    10  stm32f10x_tim.o(.text)
    TIM_DMACmd                               0x08001b93   Thumb Code    18  stm32f10x_tim.o(.text)
    TIM_InternalClockConfig                  0x08001ba5   Thumb Code    12  stm32f10x_tim.o(.text)
    TIM_SelectInputTrigger                   0x08001bb1   Thumb Code    18  stm32f10x_tim.o(.text)
    TIM_ITRxExternalClockConfig              0x08001bc3   Thumb Code    24  stm32f10x_tim.o(.text)
    TIM_TIxExternalClockConfig               0x08001bdb   Thumb Code    62  stm32f10x_tim.o(.text)
    TIM_ETRConfig                            0x08001c19   Thumb Code    28  stm32f10x_tim.o(.text)
    TIM_ETRClockMode1Config                  0x08001c35   Thumb Code    54  stm32f10x_tim.o(.text)
    TIM_ETRClockMode2Config                  0x08001c6b   Thumb Code    32  stm32f10x_tim.o(.text)
    TIM_PrescalerConfig                      0x08001c8b   Thumb Code     6  stm32f10x_tim.o(.text)
    TIM_CounterModeConfig                    0x08001c91   Thumb Code    18  stm32f10x_tim.o(.text)
    TIM_EncoderInterfaceConfig               0x08001ca3   Thumb Code    66  stm32f10x_tim.o(.text)
    TIM_ForcedOC1Config                      0x08001ce5   Thumb Code    18  stm32f10x_tim.o(.text)
    TIM_ForcedOC2Config                      0x08001cf7   Thumb Code    26  stm32f10x_tim.o(.text)
    TIM_ForcedOC3Config                      0x08001d11   Thumb Code    18  stm32f10x_tim.o(.text)
    TIM_ForcedOC4Config                      0x08001d23   Thumb Code    26  stm32f10x_tim.o(.text)
    TIM_ARRPreloadConfig                     0x08001d3d   Thumb Code    24  stm32f10x_tim.o(.text)
    TIM_SelectCOM                            0x08001d55   Thumb Code    24  stm32f10x_tim.o(.text)
    TIM_SelectCCDMA                          0x08001d6d   Thumb Code    24  stm32f10x_tim.o(.text)
    TIM_CCPreloadControl                     0x08001d85   Thumb Code    24  stm32f10x_tim.o(.text)
    TIM_OC1PreloadConfig                     0x08001d9d   Thumb Code    18  stm32f10x_tim.o(.text)
    TIM_OC2PreloadConfig                     0x08001daf   Thumb Code    26  stm32f10x_tim.o(.text)
    TIM_OC3PreloadConfig                     0x08001dc9   Thumb Code    18  stm32f10x_tim.o(.text)
    TIM_OC4PreloadConfig                     0x08001ddb   Thumb Code    26  stm32f10x_tim.o(.text)
    TIM_OC1FastConfig                        0x08001df5   Thumb Code    18  stm32f10x_tim.o(.text)
    TIM_OC2FastConfig                        0x08001e07   Thumb Code    26  stm32f10x_tim.o(.text)
    TIM_OC3FastConfig                        0x08001e21   Thumb Code    18  stm32f10x_tim.o(.text)
    TIM_OC4FastConfig                        0x08001e33   Thumb Code    26  stm32f10x_tim.o(.text)
    TIM_ClearOC1Ref                          0x08001e4d   Thumb Code    18  stm32f10x_tim.o(.text)
    TIM_ClearOC2Ref                          0x08001e5f   Thumb Code    24  stm32f10x_tim.o(.text)
    TIM_ClearOC3Ref                          0x08001e77   Thumb Code    18  stm32f10x_tim.o(.text)
    TIM_ClearOC4Ref                          0x08001e89   Thumb Code    24  stm32f10x_tim.o(.text)
    TIM_OC1PolarityConfig                    0x08001ea1   Thumb Code    18  stm32f10x_tim.o(.text)
    TIM_OC1NPolarityConfig                   0x08001eb3   Thumb Code    18  stm32f10x_tim.o(.text)
    TIM_OC2PolarityConfig                    0x08001ec5   Thumb Code    26  stm32f10x_tim.o(.text)
    TIM_OC2NPolarityConfig                   0x08001edf   Thumb Code    26  stm32f10x_tim.o(.text)
    TIM_OC3PolarityConfig                    0x08001ef9   Thumb Code    26  stm32f10x_tim.o(.text)
    TIM_OC3NPolarityConfig                   0x08001f13   Thumb Code    26  stm32f10x_tim.o(.text)
    TIM_OC4PolarityConfig                    0x08001f2d   Thumb Code    26  stm32f10x_tim.o(.text)
    TIM_CCxCmd                               0x08001f47   Thumb Code    30  stm32f10x_tim.o(.text)
    TIM_CCxNCmd                              0x08001f65   Thumb Code    30  stm32f10x_tim.o(.text)
    TIM_SelectOCxM                           0x08001f83   Thumb Code    82  stm32f10x_tim.o(.text)
    TIM_UpdateDisableConfig                  0x08001fd5   Thumb Code    24  stm32f10x_tim.o(.text)
    TIM_UpdateRequestConfig                  0x08001fed   Thumb Code    24  stm32f10x_tim.o(.text)
    TIM_SelectHallSensor                     0x08002005   Thumb Code    24  stm32f10x_tim.o(.text)
    TIM_SelectOnePulseMode                   0x0800201d   Thumb Code    18  stm32f10x_tim.o(.text)
    TIM_SelectOutputTrigger                  0x0800202f   Thumb Code    18  stm32f10x_tim.o(.text)
    TIM_SelectSlaveMode                      0x08002041   Thumb Code    18  stm32f10x_tim.o(.text)
    TIM_SelectMasterSlaveMode                0x08002053   Thumb Code    18  stm32f10x_tim.o(.text)
    TIM_SetCounter                           0x08002065   Thumb Code     4  stm32f10x_tim.o(.text)
    TIM_SetAutoreload                        0x08002069   Thumb Code     4  stm32f10x_tim.o(.text)
    TIM_SetCompare1                          0x0800206d   Thumb Code     4  stm32f10x_tim.o(.text)
    TIM_SetCompare2                          0x08002071   Thumb Code     4  stm32f10x_tim.o(.text)
    TIM_SetCompare3                          0x08002075   Thumb Code     4  stm32f10x_tim.o(.text)
    TIM_SetCompare4                          0x08002079   Thumb Code     6  stm32f10x_tim.o(.text)
    TIM_SetClockDivision                     0x0800207f   Thumb Code    18  stm32f10x_tim.o(.text)
    TIM_GetCapture1                          0x08002091   Thumb Code     6  stm32f10x_tim.o(.text)
    TIM_GetCapture2                          0x08002097   Thumb Code     6  stm32f10x_tim.o(.text)
    TIM_GetCapture3                          0x0800209d   Thumb Code     6  stm32f10x_tim.o(.text)
    TIM_GetCapture4                          0x080020a3   Thumb Code     8  stm32f10x_tim.o(.text)
    TIM_GetCounter                           0x080020ab   Thumb Code     6  stm32f10x_tim.o(.text)
    TIM_GetPrescaler                         0x080020b1   Thumb Code     6  stm32f10x_tim.o(.text)
    TIM_GetFlagStatus                        0x080020b7   Thumb Code    18  stm32f10x_tim.o(.text)
    TIM_ClearFlag                            0x080020c9   Thumb Code     6  stm32f10x_tim.o(.text)
    TIM_GetITStatus                          0x080020cf   Thumb Code    34  stm32f10x_tim.o(.text)
    TIM_ClearITPendingBit                    0x080020f1   Thumb Code     6  stm32f10x_tim.o(.text)
    DMA_DeInit                               0x080020f9   Thumb Code   324  stm32f10x_dma.o(.text)
    DMA_Init                                 0x0800223d   Thumb Code    60  stm32f10x_dma.o(.text)
    DMA_StructInit                           0x08002279   Thumb Code    26  stm32f10x_dma.o(.text)
    DMA_Cmd                                  0x08002293   Thumb Code    24  stm32f10x_dma.o(.text)
    DMA_ITConfig                             0x080022ab   Thumb Code    18  stm32f10x_dma.o(.text)
    DMA_SetCurrDataCounter                   0x080022bd   Thumb Code     4  stm32f10x_dma.o(.text)
    DMA_GetCurrDataCounter                   0x080022c1   Thumb Code     8  stm32f10x_dma.o(.text)
    DMA_GetFlagStatus                        0x080022c9   Thumb Code    40  stm32f10x_dma.o(.text)
    DMA_ClearFlag                            0x080022f1   Thumb Code    22  stm32f10x_dma.o(.text)
    DMA_GetITStatus                          0x08002307   Thumb Code    40  stm32f10x_dma.o(.text)
    DMA_ClearITPendingBit                    0x0800232f   Thumb Code    22  stm32f10x_dma.o(.text)
    EXTI_DeInit                              0x0800234d   Thumb Code    28  stm32f10x_exti.o(.text)
    EXTI_Init                                0x08002369   Thumb Code   142  stm32f10x_exti.o(.text)
    EXTI_StructInit                          0x080023f7   Thumb Code    16  stm32f10x_exti.o(.text)
    EXTI_GenerateSWInterrupt                 0x08002407   Thumb Code    16  stm32f10x_exti.o(.text)
    EXTI_GetFlagStatus                       0x08002417   Thumb Code    22  stm32f10x_exti.o(.text)
    EXTI_ClearFlag                           0x0800242d   Thumb Code     8  stm32f10x_exti.o(.text)
    EXTI_GetITStatus                         0x08002435   Thumb Code    34  stm32f10x_exti.o(.text)
    EXTI_ClearITPendingBit                   0x08002457   Thumb Code     8  stm32f10x_exti.o(.text)
    ADC_DeInit                               0x08002469   Thumb Code    78  stm32f10x_adc.o(.text)
    ADC_Init                                 0x080024b7   Thumb Code    70  stm32f10x_adc.o(.text)
    ADC_StructInit                           0x080024fd   Thumb Code    18  stm32f10x_adc.o(.text)
    ADC_Cmd                                  0x0800250f   Thumb Code    22  stm32f10x_adc.o(.text)
    ADC_DMACmd                               0x08002525   Thumb Code    22  stm32f10x_adc.o(.text)
    ADC_ITConfig                             0x0800253b   Thumb Code    24  stm32f10x_adc.o(.text)
    ADC_ResetCalibration                     0x08002553   Thumb Code    10  stm32f10x_adc.o(.text)
    ADC_GetResetCalibrationStatus            0x0800255d   Thumb Code    20  stm32f10x_adc.o(.text)
    ADC_StartCalibration                     0x08002571   Thumb Code    10  stm32f10x_adc.o(.text)
    ADC_GetCalibrationStatus                 0x0800257b   Thumb Code    20  stm32f10x_adc.o(.text)
    ADC_SoftwareStartConvCmd                 0x0800258f   Thumb Code    22  stm32f10x_adc.o(.text)
    ADC_GetSoftwareStartConvStatus           0x080025a5   Thumb Code    20  stm32f10x_adc.o(.text)
    ADC_DiscModeChannelCountConfig           0x080025b9   Thumb Code    24  stm32f10x_adc.o(.text)
    ADC_DiscModeCmd                          0x080025d1   Thumb Code    22  stm32f10x_adc.o(.text)
    ADC_RegularChannelConfig                 0x080025e7   Thumb Code   184  stm32f10x_adc.o(.text)
    ADC_ExternalTrigConvCmd                  0x0800269f   Thumb Code    22  stm32f10x_adc.o(.text)
    ADC_GetConversionValue                   0x080026b5   Thumb Code     8  stm32f10x_adc.o(.text)
    ADC_GetDualModeConversionValue           0x080026bd   Thumb Code     8  stm32f10x_adc.o(.text)
    ADC_AutoInjectedConvCmd                  0x080026c5   Thumb Code    22  stm32f10x_adc.o(.text)
    ADC_InjectedDiscModeCmd                  0x080026db   Thumb Code    22  stm32f10x_adc.o(.text)
    ADC_ExternalTrigInjectedConvConfig       0x080026f1   Thumb Code    16  stm32f10x_adc.o(.text)
    ADC_ExternalTrigInjectedConvCmd          0x08002701   Thumb Code    22  stm32f10x_adc.o(.text)
    ADC_SoftwareStartInjectedConvCmd         0x08002717   Thumb Code    22  stm32f10x_adc.o(.text)
    ADC_GetSoftwareStartInjectedConvCmdStatus 0x0800272d   Thumb Code    20  stm32f10x_adc.o(.text)
    ADC_InjectedChannelConfig                0x08002741   Thumb Code   130  stm32f10x_adc.o(.text)
    ADC_InjectedSequencerLengthConfig        0x080027c3   Thumb Code    24  stm32f10x_adc.o(.text)
    ADC_SetInjectedOffset                    0x080027db   Thumb Code    20  stm32f10x_adc.o(.text)
    ADC_GetInjectedConversionValue           0x080027ef   Thumb Code    28  stm32f10x_adc.o(.text)
    ADC_AnalogWatchdogCmd                    0x0800280b   Thumb Code    16  stm32f10x_adc.o(.text)
    ADC_AnalogWatchdogThresholdsConfig       0x0800281b   Thumb Code     6  stm32f10x_adc.o(.text)
    ADC_AnalogWatchdogSingleChannelConfig    0x08002821   Thumb Code    16  stm32f10x_adc.o(.text)
    ADC_TempSensorVrefintCmd                 0x08002831   Thumb Code    64  stm32f10x_adc.o(.text)
    ADC_GetFlagStatus                        0x08002871   Thumb Code    18  stm32f10x_adc.o(.text)
    ADC_ClearFlag                            0x08002883   Thumb Code     6  stm32f10x_adc.o(.text)
    ADC_GetITStatus                          0x08002889   Thumb Code    36  stm32f10x_adc.o(.text)
    ADC_ClearITPendingBit                    0x080028ad   Thumb Code    10  stm32f10x_adc.o(.text)
    USBWakeUp_IRQHandler                     0x080028b9   Thumb Code    12  hw_config.o(.text)
    USB_LP_CAN1_RX0_IRQHandler               0x080028c5   Thumb Code     8  hw_config.o(.text)
    Set_USBClock                             0x080028cd   Thumb Code    18  hw_config.o(.text)
    Enter_LowPowerMode                       0x080028df   Thumb Code     8  hw_config.o(.text)
    Leave_LowPowerMode                       0x080028e7   Thumb Code    22  hw_config.o(.text)
    USB_Interrupts_Config                    0x080028fd   Thumb Code    84  hw_config.o(.text)
    USB_Cable_Config                         0x08002951   Thumb Code     2  hw_config.o(.text)
    USB_Port_Set                             0x08002953   Thumb Code    74  hw_config.o(.text)
    IntToUnicode                             0x0800299d   Thumb Code    62  hw_config.o(.text)
    Get_SerialNum                            0x080029db   Thumb Code    42  hw_config.o(.text)
    USART_Config                             0x08002a05   Thumb Code    20  hw_config.o(.text)
    USB_USART_SendData                       0x08002a19   Thumb Code    42  hw_config.o(.text)
    usb_printf                               0x08002a43   Thumb Code    56  hw_config.o(.text)
    EP1_IN_Callback                          0x08002aa5   Thumb Code   138  usb_endp.o(.text)
    EP3_OUT_Callback                         0x08002b2f   Thumb Code    28  usb_endp.o(.text)
    SOF_Callback                             0x08002b4b   Thumb Code    38  usb_endp.o(.text)
    USB_Istr                                 0x08002b81   Thumb Code   426  usb_istr.o(.text)
    Virtual_Com_Port_init                    0x08002d51   Thumb Code    30  usb_prop.o(.text)
    Virtual_Com_Port_Reset                   0x08002d6f   Thumb Code   216  usb_prop.o(.text)
    Virtual_Com_Port_SetConfiguration        0x08002e47   Thumb Code    14  usb_prop.o(.text)
    Virtual_Com_Port_SetDeviceAddress        0x08002e55   Thumb Code     8  usb_prop.o(.text)
    Virtual_Com_Port_Status_In               0x08002e5d   Thumb Code    22  usb_prop.o(.text)
    Virtual_Com_Port_Status_Out              0x08002e73   Thumb Code     2  usb_prop.o(.text)
    Virtual_Com_Port_SetLineCoding           0x08002e75   Thumb Code    20  usb_prop.o(.text)
    Virtual_Com_Port_GetLineCoding           0x08002e89   Thumb Code    20  usb_prop.o(.text)
    Virtual_Com_Port_Data_Setup              0x08002e9d   Thumb Code    86  usb_prop.o(.text)
    Virtual_Com_Port_NoData_Setup            0x08002ef3   Thumb Code    36  usb_prop.o(.text)
    Virtual_Com_Port_GetDeviceDescriptor     0x08002f17   Thumb Code    14  usb_prop.o(.text)
    Virtual_Com_Port_GetConfigDescriptor     0x08002f25   Thumb Code    14  usb_prop.o(.text)
    Virtual_Com_Port_GetStringDescriptor     0x08002f33   Thumb Code    32  usb_prop.o(.text)
    Virtual_Com_Port_Get_Interface_Setting   0x08002f53   Thumb Code    22  usb_prop.o(.text)
    PowerOn                                  0x08002f91   Thumb Code    54  usb_pwr.o(.text)
    PowerOff                                 0x08002fc7   Thumb Code    28  usb_pwr.o(.text)
    Suspend                                  0x08002fe3   Thumb Code   142  usb_pwr.o(.text)
    Resume_Init                              0x08003071   Thumb Code    30  usb_pwr.o(.text)
    Resume                                   0x0800308f   Thumb Code   194  usb_pwr.o(.text)
    Standard_GetConfiguration                0x08003169   Thumb Code    34  usb_core.o(.text)
    Standard_SetConfiguration                0x0800318b   Thumb Code    60  usb_core.o(.text)
    Standard_GetInterface                    0x080031c7   Thumb Code    34  usb_core.o(.text)
    Standard_SetInterface                    0x080031e9   Thumb Code    96  usb_core.o(.text)
    Standard_GetStatus                       0x08003249   Thumb Code   238  usb_core.o(.text)
    Standard_ClearFeature                    0x08003337   Thumb Code   342  usb_core.o(.text)
    Standard_SetEndPointFeature              0x0800348d   Thumb Code   220  usb_core.o(.text)
    Standard_SetDeviceFeature                0x08003569   Thumb Code    30  usb_core.o(.text)
    Standard_GetDescriptorData               0x08003587   Thumb Code    32  usb_core.o(.text)
    Post0_Process                            0x08003abb   Thumb Code    54  usb_core.o(.text)
    Setup0_Process                           0x08003af1   Thumb Code   170  usb_core.o(.text)
    SetDeviceAddress                         0x08003b9b   Thumb Code    70  usb_core.o(.text)
    In0_Process                              0x08003be1   Thumb Code    98  usb_core.o(.text)
    Out0_Process                             0x08003c43   Thumb Code    70  usb_core.o(.text)
    NOP_Process                              0x08003c89   Thumb Code     2  usb_core.o(.text)
    USB_Init                                 0x08003cb9   Thumb Code    72  usb_init.o(.text)
    CTR_LP                                   0x08003d19   Thumb Code   616  usb_int.o(.text)
    CTR_HP                                   0x08003f81   Thumb Code   178  usb_int.o(.text)
    UserToPMABufferCopy                      0x08004055   Thumb Code    52  usb_mem.o(.text)
    PMAToUserBufferCopy                      0x08004089   Thumb Code    34  usb_mem.o(.text)
    SetCNTR                                  0x080040b1   Thumb Code     6  usb_regs.o(.text)
    GetCNTR                                  0x080040b7   Thumb Code     8  usb_regs.o(.text)
    SetISTR                                  0x080040bf   Thumb Code     8  usb_regs.o(.text)
    GetISTR                                  0x080040c7   Thumb Code    10  usb_regs.o(.text)
    GetFNR                                   0x080040d1   Thumb Code    10  usb_regs.o(.text)
    SetDADDR                                 0x080040db   Thumb Code     8  usb_regs.o(.text)
    GetDADDR                                 0x080040e3   Thumb Code    10  usb_regs.o(.text)
    SetBTABLE                                0x080040ed   Thumb Code    14  usb_regs.o(.text)
    GetBTABLE                                0x080040fb   Thumb Code    10  usb_regs.o(.text)
    SetENDPOINT                              0x08004105   Thumb Code    12  usb_regs.o(.text)
    GetENDPOINT                              0x08004111   Thumb Code    16  usb_regs.o(.text)
    SetEPType                                0x08004121   Thumb Code    32  usb_regs.o(.text)
    GetEPType                                0x08004141   Thumb Code    18  usb_regs.o(.text)
    SetEPTxStatus                            0x08004153   Thumb Code    60  usb_regs.o(.text)
    SetEPRxStatus                            0x0800418f   Thumb Code    60  usb_regs.o(.text)
    SetDouBleBuffEPStall                     0x080041cb   Thumb Code    54  usb_regs.o(.text)
    GetEPTxStatus                            0x08004201   Thumb Code    18  usb_regs.o(.text)
    GetEPRxStatus                            0x08004213   Thumb Code    18  usb_regs.o(.text)
    SetEPTxValid                             0x08004225   Thumb Code    48  usb_regs.o(.text)
    SetEPRxValid                             0x08004255   Thumb Code    48  usb_regs.o(.text)
    SetEP_KIND                               0x08004285   Thumb Code    38  usb_regs.o(.text)
    ClearEP_KIND                             0x080042ab   Thumb Code    34  usb_regs.o(.text)
    Clear_Status_Out                         0x080042cd   Thumb Code    34  usb_regs.o(.text)
    Set_Status_Out                           0x080042ef   Thumb Code    38  usb_regs.o(.text)
    SetEPDoubleBuff                          0x08004315   Thumb Code    38  usb_regs.o(.text)
    ClearEPDoubleBuff                        0x0800433b   Thumb Code    34  usb_regs.o(.text)
    GetTxStallStatus                         0x0800435d   Thumb Code    28  usb_regs.o(.text)
    GetRxStallStatus                         0x08004379   Thumb Code    30  usb_regs.o(.text)
    ClearEP_CTR_RX                           0x08004397   Thumb Code    32  usb_regs.o(.text)
    ClearEP_CTR_TX                           0x080043b7   Thumb Code    28  usb_regs.o(.text)
    ToggleDTOG_RX                            0x080043d3   Thumb Code    34  usb_regs.o(.text)
    ToggleDTOG_TX                            0x080043f5   Thumb Code    34  usb_regs.o(.text)
    ClearDTOG_RX                             0x08004417   Thumb Code    48  usb_regs.o(.text)
    ClearDTOG_TX                             0x08004447   Thumb Code    48  usb_regs.o(.text)
    SetEPAddress                             0x08004477   Thumb Code    46  usb_regs.o(.text)
    GetEPAddress                             0x080044a5   Thumb Code    18  usb_regs.o(.text)
    SetEPTxAddr                              0x080044b7   Thumb Code    24  usb_regs.o(.text)
    SetEPRxAddr                              0x080044cf   Thumb Code    26  usb_regs.o(.text)
    GetEPTxAddr                              0x080044e9   Thumb Code    22  usb_regs.o(.text)
    GetEPRxAddr                              0x080044ff   Thumb Code    24  usb_regs.o(.text)
    SetEPTxCount                             0x08004517   Thumb Code    20  usb_regs.o(.text)
    SetEPCountRxReg                          0x0800452b   Thumb Code    48  usb_regs.o(.text)
    SetEPRxCount                             0x0800455b   Thumb Code    68  usb_regs.o(.text)
    GetEPTxCount                             0x0800459f   Thumb Code    26  usb_regs.o(.text)
    GetEPRxCount                             0x080045b9   Thumb Code    26  usb_regs.o(.text)
    SetEPDblBuffAddr                         0x080045d3   Thumb Code    44  usb_regs.o(.text)
    SetEPDblBuf0Addr                         0x080045ff   Thumb Code    24  usb_regs.o(.text)
    SetEPDblBuf1Addr                         0x08004617   Thumb Code    26  usb_regs.o(.text)
    GetEPDblBuf0Addr                         0x08004631   Thumb Code    22  usb_regs.o(.text)
    GetEPDblBuf1Addr                         0x08004647   Thumb Code    24  usb_regs.o(.text)
    SetEPDblBuffCount                        0x0800465f   Thumb Code   186  usb_regs.o(.text)
    SetEPDblBuf0Count                        0x08004719   Thumb Code    96  usb_regs.o(.text)
    SetEPDblBuf1Count                        0x08004779   Thumb Code    96  usb_regs.o(.text)
    GetEPDblBuf0Count                        0x080047d9   Thumb Code    26  usb_regs.o(.text)
    GetEPDblBuf1Count                        0x080047f3   Thumb Code    26  usb_regs.o(.text)
    GetEPDblBufDir                           0x0800480d   Thumb Code    62  usb_regs.o(.text)
    FreeUserBuffer                           0x0800484b   Thumb Code    90  usb_regs.o(.text)
    ToWord                                   0x080048a5   Thumb Code     8  usb_regs.o(.text)
    ByteSwap                                 0x080048ad   Thumb Code    12  usb_regs.o(.text)
    USB_SIL_Init                             0x080048b9   Thumb Code    28  usb_sil.o(.text)
    USB_SIL_Write                            0x080048d5   Thumb Code    46  usb_sil.o(.text)
    USB_SIL_Read                             0x08004903   Thumb Code    46  usb_sil.o(.text)
    __c89vsprintf                            0x08004939   Thumb Code    32  c89vsprintf.o(.text)
    strlen                                   0x0800495d   Thumb Code    62  strlen.o(.text)
    __use_two_region_memory                  0x0800499b   Thumb Code     2  heapauxi.o(.text)
    __rt_heap_escrow$2region                 0x0800499d   Thumb Code     2  heapauxi.o(.text)
    __rt_heap_expand$2region                 0x0800499f   Thumb Code     2  heapauxi.o(.text)
    _printf_pre_padding                      0x080049a1   Thumb Code    44  _printf_pad.o(.text)
    _printf_post_padding                     0x080049cd   Thumb Code    34  _printf_pad.o(.text)
    _printf_truncate_signed                  0x080049ef   Thumb Code    18  _printf_truncate.o(.text)
    _printf_truncate_unsigned                0x08004a01   Thumb Code    18  _printf_truncate.o(.text)
    _printf_str                              0x08004a13   Thumb Code    82  _printf_str.o(.text)
    _printf_int_dec                          0x08004a65   Thumb Code   104  _printf_dec.o(.text)
    _printf_charcount                        0x08004add   Thumb Code    40  _printf_charcount.o(.text)
    _printf_char_common                      0x08004b0f   Thumb Code    32  _printf_char_common.o(.text)
    _sputc                                   0x08004b35   Thumb Code    10  _sputc.o(.text)
    _printf_wctomb                           0x08004b41   Thumb Code   182  _printf_wctomb.o(.text)
    _printf_longlong_dec                     0x08004bfd   Thumb Code   108  _printf_longlong_dec.o(.text)
    _printf_longlong_oct                     0x08004c79   Thumb Code    66  _printf_oct_int_ll.o(.text)
    _printf_int_oct                          0x08004cbb   Thumb Code    24  _printf_oct_int_ll.o(.text)
    _printf_ll_oct                           0x08004cd3   Thumb Code    12  _printf_oct_int_ll.o(.text)
    _printf_longlong_hex                     0x08004ce9   Thumb Code    86  _printf_hex_int_ll_ptr.o(.text)
    _printf_int_hex                          0x08004d3f   Thumb Code    28  _printf_hex_int_ll_ptr.o(.text)
    _printf_ll_hex                           0x08004d5b   Thumb Code    12  _printf_hex_int_ll_ptr.o(.text)
    _printf_hex_ptr                          0x08004d67   Thumb Code    18  _printf_hex_int_ll_ptr.o(.text)
    __printf                                 0x08004d7d   Thumb Code   388  __printf_flags_ss_wp.o(.text)
    _ll_udiv10                               0x08004f05   Thumb Code   138  lludiv10.o(.text)
    _printf_int_common                       0x08004f8f   Thumb Code   178  _printf_intcommon.o(.text)
    __lib_sel_fp_printf                      0x08005041   Thumb Code     2  _printf_fp_dec.o(.text)
    _printf_fp_dec_real                      0x080051f3   Thumb Code   620  _printf_fp_dec.o(.text)
    _printf_cs_common                        0x0800545f   Thumb Code    20  _printf_char.o(.text)
    _printf_char                             0x08005473   Thumb Code    16  _printf_char.o(.text)
    _printf_string                           0x08005483   Thumb Code     8  _printf_char.o(.text)
    _printf_lcs_common                       0x0800548b   Thumb Code    20  _printf_wchar.o(.text)
    _printf_wchar                            0x0800549f   Thumb Code    16  _printf_wchar.o(.text)
    _printf_wstring                          0x080054af   Thumb Code     8  _printf_wchar.o(.text)
    _wcrtomb                                 0x080054b7   Thumb Code    64  _wcrtomb.o(.text)
    __user_setup_stackheap                   0x080054f7   Thumb Code    74  sys_stackheap_outer.o(.text)
    __rt_ctype_table                         0x08005541   Thumb Code    16  rt_ctype_table.o(.text)
    __rt_locale                              0x08005551   Thumb Code     8  rt_locale_intlibspace.o(.text)
    _printf_fp_infnan                        0x08005559   Thumb Code   112  _printf_fp_infnan.o(.text)
    _btod_etento                             0x080055d9   Thumb Code   224  bigflt0.o(.text)
    exit                                     0x080056bd   Thumb Code    18  exit.o(.text)
    __user_libspace                          0x080056d1   Thumb Code     8  libspace.o(.text)
    __user_perproc_libspace                  0x080056d1   Thumb Code     0  libspace.o(.text)
    __user_perthread_libspace                0x080056d1   Thumb Code     0  libspace.o(.text)
    strcmp                                   0x080056d9   Thumb Code   128  strcmpv7m.o(.text)
    _sys_exit                                0x08005759   Thumb Code     8  sys_exit.o(.text)
    __I$use$semihosting                      0x08005765   Thumb Code     0  use_no_semi.o(.text)
    __use_no_semihosting_swi                 0x08005765   Thumb Code     2  use_no_semi.o(.text)
    __semihosting_library_function           0x08005767   Thumb Code     0  indicate_semi.o(.text)
    _btod_d2e                                0x08005767   Thumb Code    62  btod.o(CL$$btod_d2e)
    _d2e_denorm_low                          0x080057a5   Thumb Code    70  btod.o(CL$$btod_d2e_denorm_low)
    _d2e_norm_op1                            0x080057eb   Thumb Code    96  btod.o(CL$$btod_d2e_norm_op1)
    __btod_div_common                        0x0800584b   Thumb Code   696  btod.o(CL$$btod_div_common)
    _e2e                                     0x08005b83   Thumb Code   220  btod.o(CL$$btod_e2e)
    _btod_ediv                               0x08005c5f   Thumb Code    42  btod.o(CL$$btod_ediv)
    _btod_emul                               0x08005c89   Thumb Code    42  btod.o(CL$$btod_emul)
    __btod_mult_common                       0x08005cb3   Thumb Code   580  btod.o(CL$$btod_mult_common)
    __ARM_fpclassify                         0x08005ef7   Thumb Code    40  fpclassify.o(i.__ARM_fpclassify)
    _is_digit                                0x08005f1f   Thumb Code    14  __printf_wp.o(i._is_digit)
    _get_lc_numeric                          0x08005f2d   Thumb Code    44  lc_numeric_c.o(locale$$code)
    _get_lc_ctype                            0x08005f59   Thumb Code    44  lc_ctype_c.o(locale$$code)
    _printf_fp_dec                           0x08005f85   Thumb Code     4  printf1.o(x$fpl$printf1)
    Virtual_Com_Port_DeviceDescriptor        0x08005f88   Data          18  usb_desc.o(.constdata)
    __I$use$fp                               0x08005f88   Number         0  usenofp.o(x$fpl$usenofp)
    Virtual_Com_Port_ConfigDescriptor        0x08005f9a   Data          67  usb_desc.o(.constdata)
    Virtual_Com_Port_StringLangID            0x08005fdd   Data           4  usb_desc.o(.constdata)
    Virtual_Com_Port_StringVendor            0x08005fe1   Data          38  usb_desc.o(.constdata)
    Virtual_Com_Port_StringProduct           0x08006007   Data          50  usb_desc.o(.constdata)
    Region$$Table$$Base                      0x08006114   Number         0  anon$$obj.o(Region$$Table)
    Region$$Table$$Limit                     0x08006134   Number         0  anon$$obj.o(Region$$Table)
    __ctype                                  0x0800615d   Data           0  lc_ctype_c.o(locale$$data)
    SystemCoreClock                          0x20000004   Data           4  system_stm32f10x.o(.data)
    AHBPrescTable                            0x20000008   Data          16  system_stm32f10x.o(.data)
    buf_len                                  0x20000018   Data           2  adc.o(.data)
    USB_USART_RX_STA                         0x2000003c   Data           2  hw_config.o(.data)
    Virtual_Com_Port_StringSerial            0x2000003e   Data          26  usb_desc.o(.data)
    wIstr                                    0x2000005c   Data           2  usb_istr.o(.data)
    bIntPackSOF                              0x2000005e   Data           1  usb_istr.o(.data)
    esof_counter                             0x20000060   Data           4  usb_istr.o(.data)
    wCNTR                                    0x20000064   Data           4  usb_istr.o(.data)
    pEpInt_IN                                0x20000068   Data          28  usb_istr.o(.data)
    pEpInt_OUT                               0x20000084   Data          28  usb_istr.o(.data)
    Request                                  0x200000a0   Data           1  usb_prop.o(.data)
    linecoding                               0x200000a4   Data           8  usb_prop.o(.data)
    Device_Table                             0x200000ac   Data           2  usb_prop.o(.data)
    Device_Property                          0x200000b0   Data          48  usb_prop.o(.data)
    User_Standard_Requests                   0x200000e0   Data          36  usb_prop.o(.data)
    Device_Descriptor                        0x20000104   Data           8  usb_prop.o(.data)
    Config_Descriptor                        0x2000010c   Data           8  usb_prop.o(.data)
    String_Descriptor                        0x20000114   Data          32  usb_prop.o(.data)
    bDeviceState                             0x20000134   Data           4  usb_pwr.o(.data)
    fSuspendEnabled                          0x20000138   Data           1  usb_pwr.o(.data)
    ResumeS                                  0x20000139   Data           2  usb_pwr.o(.data)
    remotewakeupon                           0x2000013c   Data           4  usb_pwr.o(.data)
    StatusInfo                               0x20000140   Data           2  usb_core.o(.data)
    Data_Mul_MaxPacketSize                   0x20000142   Data           1  usb_core.o(.data)
    EPindex                                  0x20000144   Data           1  usb_init.o(.data)
    pInformation                             0x20000148   Data           4  usb_init.o(.data)
    pProperty                                0x2000014c   Data           4  usb_init.o(.data)
    SaveState                                0x20000150   Data           2  usb_init.o(.data)
    wInterrupt_Mask                          0x20000152   Data           2  usb_init.o(.data)
    pUser_Standard_Requests                  0x20000154   Data           4  usb_init.o(.data)
    SaveRState                               0x20000158   Data           2  usb_int.o(.data)
    SaveTState                               0x2000015a   Data           2  usb_int.o(.data)
    LED_Breathe_Buf                          0x2000015c   Data        2000  main.o(.bss)
    ADC_Buf                                  0x2000092c   Data        1024  adc.o(.bss)
    uu_txfifo                                0x20000d72   Data        1204  hw_config.o(.bss)
    USART_PRINTF_Buffer                      0x20001226   Data         200  hw_config.o(.bss)
    USB_USART_RX_BUF                         0x200012ee   Data         200  hw_config.o(.bss)
    USB_Rx_Buffer                            0x200013b6   Data          64  usb_endp.o(.bss)
    EP                                       0x200013f8   Data          32  usb_pwr.o(.bss)
    Device_Info                              0x20001418   Data          28  usb_init.o(.bss)
    __libspace_start                         0x20001434   Data          96  libspace.o(.bss)
    __temporary_stack_top$libspace           0x20001494   Data           0  libspace.o(.bss)



==============================================================================

Memory Map of the image

  Image Entry point : 0x08000131

  Load Region LR_IROM1 (Base: 0x08000000, Size: 0x000063bc, Max: 0x00010000, ABSOLUTE, COMPRESSED[0x000062f4])

    Execution Region ER_IROM1 (Exec base: 0x08000000, Load base: 0x08000000, Size: 0x00006260, Max: 0x00010000, ABSOLUTE)

    Exec Addr    Load Addr    Size         Type   Attr      Idx    E Section Name        Object

    0x08000000   0x08000000   0x00000130   Data   RO          402    RESET               startup_stm32f10x_hd.o
    0x08000130   0x08000130   0x00000008   Code   RO          771  * !!!main             c_w.l(__main.o)
    0x08000138   0x08000138   0x00000034   Code   RO         1085    !!!scatter          c_w.l(__scatter.o)
    0x0800016c   0x0800016c   0x0000005a   Code   RO         1083    !!dczerorl2         c_w.l(__dczerorl2.o)
    0x080001c6   0x080001c6   0x00000002   PAD
    0x080001c8   0x080001c8   0x0000001c   Code   RO         1087    !!handler_zi        c_w.l(__scatter_zi.o)
    0x080001e4   0x080001e4   0x00000000   Code   RO          855    .ARM.Collect$$_printf_percent$$00000000  c_w.l(_printf_percent.o)
    0x080001e4   0x080001e4   0x00000006   Code   RO          844    .ARM.Collect$$_printf_percent$$00000001  c_w.l(_printf_n.o)
    0x080001ea   0x080001ea   0x00000006   Code   RO          846    .ARM.Collect$$_printf_percent$$00000002  c_w.l(_printf_p.o)
    0x080001f0   0x080001f0   0x00000006   Code   RO          851    .ARM.Collect$$_printf_percent$$00000003  c_w.l(_printf_f.o)
    0x080001f6   0x080001f6   0x00000006   Code   RO          852    .ARM.Collect$$_printf_percent$$00000004  c_w.l(_printf_e.o)
    0x080001fc   0x080001fc   0x00000006   Code   RO          853    .ARM.Collect$$_printf_percent$$00000005  c_w.l(_printf_g.o)
    0x08000202   0x08000202   0x00000006   Code   RO          854    .ARM.Collect$$_printf_percent$$00000006  c_w.l(_printf_a.o)
    0x08000208   0x08000208   0x0000000a   Code   RO          859    .ARM.Collect$$_printf_percent$$00000007  c_w.l(_printf_ll.o)
    0x08000212   0x08000212   0x00000006   Code   RO          848    .ARM.Collect$$_printf_percent$$00000008  c_w.l(_printf_i.o)
    0x08000218   0x08000218   0x00000006   Code   RO          849    .ARM.Collect$$_printf_percent$$00000009  c_w.l(_printf_d.o)
    0x0800021e   0x0800021e   0x00000006   Code   RO          850    .ARM.Collect$$_printf_percent$$0000000A  c_w.l(_printf_u.o)
    0x08000224   0x08000224   0x00000006   Code   RO          847    .ARM.Collect$$_printf_percent$$0000000B  c_w.l(_printf_o.o)
    0x0800022a   0x0800022a   0x00000006   Code   RO          845    .ARM.Collect$$_printf_percent$$0000000C  c_w.l(_printf_x.o)
    0x08000230   0x08000230   0x00000006   Code   RO          856    .ARM.Collect$$_printf_percent$$0000000D  c_w.l(_printf_lli.o)
    0x08000236   0x08000236   0x00000006   Code   RO          857    .ARM.Collect$$_printf_percent$$0000000E  c_w.l(_printf_lld.o)
    0x0800023c   0x0800023c   0x00000006   Code   RO          858    .ARM.Collect$$_printf_percent$$0000000F  c_w.l(_printf_llu.o)
    0x08000242   0x08000242   0x00000006   Code   RO          863    .ARM.Collect$$_printf_percent$$00000010  c_w.l(_printf_llo.o)
    0x08000248   0x08000248   0x00000006   Code   RO          864    .ARM.Collect$$_printf_percent$$00000011  c_w.l(_printf_llx.o)
    0x0800024e   0x0800024e   0x0000000a   Code   RO          860    .ARM.Collect$$_printf_percent$$00000012  c_w.l(_printf_l.o)
    0x08000258   0x08000258   0x00000006   Code   RO          842    .ARM.Collect$$_printf_percent$$00000013  c_w.l(_printf_c.o)
    0x0800025e   0x0800025e   0x00000006   Code   RO          843    .ARM.Collect$$_printf_percent$$00000014  c_w.l(_printf_s.o)
    0x08000264   0x08000264   0x00000006   Code   RO          861    .ARM.Collect$$_printf_percent$$00000015  c_w.l(_printf_lc.o)
    0x0800026a   0x0800026a   0x00000006   Code   RO          862    .ARM.Collect$$_printf_percent$$00000016  c_w.l(_printf_ls.o)
    0x08000270   0x08000270   0x00000004   Code   RO          894    .ARM.Collect$$_printf_percent$$00000017  c_w.l(_printf_percent_end.o)
    0x08000274   0x08000274   0x00000002   Code   RO          943    .ARM.Collect$$libinit$$00000000  c_w.l(libinit.o)
    0x08000276   0x08000276   0x00000000   Code   RO          960    .ARM.Collect$$libinit$$00000002  c_w.l(libinit2.o)
    0x08000276   0x08000276   0x00000000   Code   RO          962    .ARM.Collect$$libinit$$00000004  c_w.l(libinit2.o)
    0x08000276   0x08000276   0x00000000   Code   RO          965    .ARM.Collect$$libinit$$0000000A  c_w.l(libinit2.o)
    0x08000276   0x08000276   0x00000000   Code   RO          967    .ARM.Collect$$libinit$$0000000C  c_w.l(libinit2.o)
    0x08000276   0x08000276   0x00000000   Code   RO          969    .ARM.Collect$$libinit$$0000000E  c_w.l(libinit2.o)
    0x08000276   0x08000276   0x00000006   Code   RO          970    .ARM.Collect$$libinit$$0000000F  c_w.l(libinit2.o)
    0x0800027c   0x0800027c   0x00000000   Code   RO          972    .ARM.Collect$$libinit$$00000011  c_w.l(libinit2.o)
    0x0800027c   0x0800027c   0x0000000c   Code   RO          973    .ARM.Collect$$libinit$$00000012  c_w.l(libinit2.o)
    0x08000288   0x08000288   0x00000000   Code   RO          974    .ARM.Collect$$libinit$$00000013  c_w.l(libinit2.o)
    0x08000288   0x08000288   0x00000000   Code   RO          976    .ARM.Collect$$libinit$$00000015  c_w.l(libinit2.o)
    0x08000288   0x08000288   0x0000000a   Code   RO          977    .ARM.Collect$$libinit$$00000016  c_w.l(libinit2.o)
    0x08000292   0x08000292   0x00000000   Code   RO          978    .ARM.Collect$$libinit$$00000017  c_w.l(libinit2.o)
    0x08000292   0x08000292   0x00000000   Code   RO          980    .ARM.Collect$$libinit$$00000019  c_w.l(libinit2.o)
    0x08000292   0x08000292   0x00000000   Code   RO          982    .ARM.Collect$$libinit$$0000001B  c_w.l(libinit2.o)
    0x08000292   0x08000292   0x00000000   Code   RO          984    .ARM.Collect$$libinit$$0000001D  c_w.l(libinit2.o)
    0x08000292   0x08000292   0x00000000   Code   RO          986    .ARM.Collect$$libinit$$0000001F  c_w.l(libinit2.o)
    0x08000292   0x08000292   0x00000000   Code   RO          988    .ARM.Collect$$libinit$$00000021  c_w.l(libinit2.o)
    0x08000292   0x08000292   0x00000000   Code   RO          990    .ARM.Collect$$libinit$$00000023  c_w.l(libinit2.o)
    0x08000292   0x08000292   0x00000000   Code   RO          992    .ARM.Collect$$libinit$$00000025  c_w.l(libinit2.o)
    0x08000292   0x08000292   0x00000000   Code   RO          996    .ARM.Collect$$libinit$$0000002C  c_w.l(libinit2.o)
    0x08000292   0x08000292   0x00000000   Code   RO          998    .ARM.Collect$$libinit$$0000002E  c_w.l(libinit2.o)
    0x08000292   0x08000292   0x00000000   Code   RO         1000    .ARM.Collect$$libinit$$00000030  c_w.l(libinit2.o)
    0x08000292   0x08000292   0x00000000   Code   RO         1002    .ARM.Collect$$libinit$$00000032  c_w.l(libinit2.o)
    0x08000292   0x08000292   0x00000002   Code   RO         1003    .ARM.Collect$$libinit$$00000033  c_w.l(libinit2.o)
    0x08000294   0x08000294   0x00000002   Code   RO         1023    .ARM.Collect$$libshutdown$$00000000  c_w.l(libshutdown.o)
    0x08000296   0x08000296   0x00000000   Code   RO         1036    .ARM.Collect$$libshutdown$$00000002  c_w.l(libshutdown2.o)
    0x08000296   0x08000296   0x00000000   Code   RO         1038    .ARM.Collect$$libshutdown$$00000004  c_w.l(libshutdown2.o)
    0x08000296   0x08000296   0x00000000   Code   RO         1041    .ARM.Collect$$libshutdown$$00000007  c_w.l(libshutdown2.o)
    0x08000296   0x08000296   0x00000000   Code   RO         1044    .ARM.Collect$$libshutdown$$0000000A  c_w.l(libshutdown2.o)
    0x08000296   0x08000296   0x00000000   Code   RO         1046    .ARM.Collect$$libshutdown$$0000000C  c_w.l(libshutdown2.o)
    0x08000296   0x08000296   0x00000000   Code   RO         1049    .ARM.Collect$$libshutdown$$0000000F  c_w.l(libshutdown2.o)
    0x08000296   0x08000296   0x00000002   Code   RO         1050    .ARM.Collect$$libshutdown$$00000010  c_w.l(libshutdown2.o)
    0x08000298   0x08000298   0x00000000   Code   RO          773    .ARM.Collect$$rtentry$$00000000  c_w.l(__rtentry.o)
    0x08000298   0x08000298   0x00000000   Code   RO          868    .ARM.Collect$$rtentry$$00000002  c_w.l(__rtentry2.o)
    0x08000298   0x08000298   0x00000006   Code   RO          880    .ARM.Collect$$rtentry$$00000004  c_w.l(__rtentry4.o)
    0x0800029e   0x0800029e   0x00000000   Code   RO          870    .ARM.Collect$$rtentry$$00000009  c_w.l(__rtentry2.o)
    0x0800029e   0x0800029e   0x00000004   Code   RO          871    .ARM.Collect$$rtentry$$0000000A  c_w.l(__rtentry2.o)
    0x080002a2   0x080002a2   0x00000000   Code   RO          873    .ARM.Collect$$rtentry$$0000000C  c_w.l(__rtentry2.o)
    0x080002a2   0x080002a2   0x00000008   Code   RO          874    .ARM.Collect$$rtentry$$0000000D  c_w.l(__rtentry2.o)
    0x080002aa   0x080002aa   0x00000002   Code   RO          952    .ARM.Collect$$rtexit$$00000000  c_w.l(rtexit.o)
    0x080002ac   0x080002ac   0x00000000   Code   RO         1005    .ARM.Collect$$rtexit$$00000002  c_w.l(rtexit2.o)
    0x080002ac   0x080002ac   0x00000004   Code   RO         1006    .ARM.Collect$$rtexit$$00000003  c_w.l(rtexit2.o)
    0x080002b0   0x080002b0   0x00000006   Code   RO         1007    .ARM.Collect$$rtexit$$00000004  c_w.l(rtexit2.o)
    0x080002b6   0x080002b6   0x00000002   PAD
    0x080002b8   0x080002b8   0x0000018c   Code   RO            1    .text               main.o
    0x08000444   0x08000444   0x0000001a   Code   RO          164    .text               stm32f10x_it.o
    0x0800045e   0x0800045e   0x00000002   PAD
    0x08000460   0x08000460   0x000001e0   Code   RO          262    .text               system_stm32f10x.o
    0x08000640   0x08000640   0x00000090   Code   RO          280    .text               led.o
    0x080006d0   0x080006d0   0x0000031c   Code   RO          324    .text               adc.o
    0x080009ec   0x080009ec   0x000000d4   Code   RO          359    .text               delay.o
    0x08000ac0   0x08000ac0   0x00000040   Code   RO          403    .text               startup_stm32f10x_hd.o
    0x08000b00   0x08000b00   0x000000dc   Code   RO          407    .text               misc.o
    0x08000bdc   0x08000bdc   0x0000035c   Code   RO          419    .text               stm32f10x_gpio.o
    0x08000f38   0x08000f38   0x000003a4   Code   RO          431    .text               stm32f10x_rcc.o
    0x080012dc   0x080012dc   0x00000e1a   Code   RO          445    .text               stm32f10x_tim.o
    0x080020f6   0x080020f6   0x00000002   PAD
    0x080020f8   0x080020f8   0x00000254   Code   RO          469    .text               stm32f10x_dma.o
    0x0800234c   0x0800234c   0x0000011c   Code   RO          481    .text               stm32f10x_exti.o
    0x08002468   0x08002468   0x0000044e   Code   RO          493    .text               stm32f10x_adc.o
    0x080028b6   0x080028b6   0x00000002   PAD
    0x080028b8   0x080028b8   0x000001ec   Code   RO          505    .text               hw_config.o
    0x08002aa4   0x08002aa4   0x000000dc   Code   RO          589    .text               usb_endp.o
    0x08002b80   0x08002b80   0x000001d0   Code   RO          605    .text               usb_istr.o
    0x08002d50   0x08002d50   0x00000240   Code   RO          623    .text               usb_prop.o
    0x08002f90   0x08002f90   0x000001d8   Code   RO          646    .text               usb_pwr.o
    0x08003168   0x08003168   0x00000b50   Code   RO          665    .text               usb_core.o
    0x08003cb8   0x08003cb8   0x00000060   Code   RO          680    .text               usb_init.o
    0x08003d18   0x08003d18   0x0000033c   Code   RO          703    .text               usb_int.o
    0x08004054   0x08004054   0x0000005c   Code   RO          727    .text               usb_mem.o
    0x080040b0   0x080040b0   0x00000808   Code   RO          739    .text               usb_regs.o
    0x080048b8   0x080048b8   0x00000080   Code   RO          751    .text               usb_sil.o
    0x08004938   0x08004938   0x00000024   Code   RO          765    .text               c_w.l(c89vsprintf.o)
    0x0800495c   0x0800495c   0x0000003e   Code   RO          767    .text               c_w.l(strlen.o)
    0x0800499a   0x0800499a   0x00000006   Code   RO          769    .text               c_w.l(heapauxi.o)
    0x080049a0   0x080049a0   0x0000004e   Code   RO          776    .text               c_w.l(_printf_pad.o)
    0x080049ee   0x080049ee   0x00000024   Code   RO          778    .text               c_w.l(_printf_truncate.o)
    0x08004a12   0x08004a12   0x00000052   Code   RO          780    .text               c_w.l(_printf_str.o)
    0x08004a64   0x08004a64   0x00000078   Code   RO          782    .text               c_w.l(_printf_dec.o)
    0x08004adc   0x08004adc   0x00000028   Code   RO          784    .text               c_w.l(_printf_charcount.o)
    0x08004b04   0x08004b04   0x00000030   Code   RO          786    .text               c_w.l(_printf_char_common.o)
    0x08004b34   0x08004b34   0x0000000a   Code   RO          788    .text               c_w.l(_sputc.o)
    0x08004b3e   0x08004b3e   0x00000002   PAD
    0x08004b40   0x08004b40   0x000000bc   Code   RO          790    .text               c_w.l(_printf_wctomb.o)
    0x08004bfc   0x08004bfc   0x0000007c   Code   RO          793    .text               c_w.l(_printf_longlong_dec.o)
    0x08004c78   0x08004c78   0x00000070   Code   RO          799    .text               c_w.l(_printf_oct_int_ll.o)
    0x08004ce8   0x08004ce8   0x00000094   Code   RO          819    .text               c_w.l(_printf_hex_int_ll_ptr.o)
    0x08004d7c   0x08004d7c   0x00000188   Code   RO          839    .text               c_w.l(__printf_flags_ss_wp.o)
    0x08004f04   0x08004f04   0x0000008a   Code   RO          882    .text               c_w.l(lludiv10.o)
    0x08004f8e   0x08004f8e   0x000000b2   Code   RO          884    .text               c_w.l(_printf_intcommon.o)
    0x08005040   0x08005040   0x0000041e   Code   RO          886    .text               c_w.l(_printf_fp_dec.o)
    0x0800545e   0x0800545e   0x0000002c   Code   RO          890    .text               c_w.l(_printf_char.o)
    0x0800548a   0x0800548a   0x0000002c   Code   RO          892    .text               c_w.l(_printf_wchar.o)
    0x080054b6   0x080054b6   0x00000040   Code   RO          895    .text               c_w.l(_wcrtomb.o)
    0x080054f6   0x080054f6   0x0000004a   Code   RO          897    .text               c_w.l(sys_stackheap_outer.o)
    0x08005540   0x08005540   0x00000010   Code   RO          899    .text               c_w.l(rt_ctype_table.o)
    0x08005550   0x08005550   0x00000008   Code   RO          904    .text               c_w.l(rt_locale_intlibspace.o)
    0x08005558   0x08005558   0x00000080   Code   RO          906    .text               c_w.l(_printf_fp_infnan.o)
    0x080055d8   0x080055d8   0x000000e4   Code   RO          908    .text               c_w.l(bigflt0.o)
    0x080056bc   0x080056bc   0x00000012   Code   RO          936    .text               c_w.l(exit.o)
    0x080056ce   0x080056ce   0x00000002   PAD
    0x080056d0   0x080056d0   0x00000008   Code   RO          949    .text               c_w.l(libspace.o)
    0x080056d8   0x080056d8   0x00000080   Code   RO          957    .text               c_w.l(strcmpv7m.o)
    0x08005758   0x08005758   0x0000000c   Code   RO         1015    .text               c_w.l(sys_exit.o)
    0x08005764   0x08005764   0x00000002   Code   RO         1026    .text               c_w.l(use_no_semi.o)
    0x08005766   0x08005766   0x00000000   Code   RO         1028    .text               c_w.l(indicate_semi.o)
    0x08005766   0x08005766   0x0000003e   Code   RO          911    CL$$btod_d2e        c_w.l(btod.o)
    0x080057a4   0x080057a4   0x00000046   Code   RO          913    CL$$btod_d2e_denorm_low  c_w.l(btod.o)
    0x080057ea   0x080057ea   0x00000060   Code   RO          912    CL$$btod_d2e_norm_op1  c_w.l(btod.o)
    0x0800584a   0x0800584a   0x00000338   Code   RO          921    CL$$btod_div_common  c_w.l(btod.o)
    0x08005b82   0x08005b82   0x000000dc   Code   RO          918    CL$$btod_e2e        c_w.l(btod.o)
    0x08005c5e   0x08005c5e   0x0000002a   Code   RO          915    CL$$btod_ediv       c_w.l(btod.o)
    0x08005c88   0x08005c88   0x0000002a   Code   RO          914    CL$$btod_emul       c_w.l(btod.o)
    0x08005cb2   0x08005cb2   0x00000244   Code   RO          920    CL$$btod_mult_common  c_w.l(btod.o)
    0x08005ef6   0x08005ef6   0x00000028   Code   RO          947    i.__ARM_fpclassify  m_ws.l(fpclassify.o)
    0x08005f1e   0x08005f1e   0x0000000e   Code   RO          832    i._is_digit         c_w.l(__printf_wp.o)
    0x08005f2c   0x08005f2c   0x0000002c   Code   RO          934    locale$$code        c_w.l(lc_numeric_c.o)
    0x08005f58   0x08005f58   0x0000002c   Code   RO          955    locale$$code        c_w.l(lc_ctype_c.o)
    0x08005f84   0x08005f84   0x00000004   Code   RO          865    x$fpl$printf1       fz_ws.l(printf1.o)
    0x08005f88   0x08005f88   0x00000000   Code   RO          946    x$fpl$usenofp       fz_ws.l(usenofp.o)
    0x08005f88   0x08005f88   0x000000b1   Data   RO          576    .constdata          usb_desc.o
    0x08006039   0x08006039   0x00000003   PAD
    0x0800603c   0x0800603c   0x00000008   Data   RO          791    .constdata          c_w.l(_printf_wctomb.o)
    0x08006044   0x08006044   0x00000028   Data   RO          820    .constdata          c_w.l(_printf_hex_int_ll_ptr.o)
    0x0800606c   0x0800606c   0x00000011   Data   RO          840    .constdata          c_w.l(__printf_flags_ss_wp.o)
    0x0800607d   0x0800607d   0x00000003   PAD
    0x08006080   0x08006080   0x00000094   Data   RO          909    .constdata          c_w.l(bigflt0.o)
    0x08006114   0x08006114   0x00000020   Data   RO         1081    Region$$Table       anon$$obj.o
    0x08006134   0x08006134   0x0000001c   Data   RO          933    locale$$data        c_w.l(lc_numeric_c.o)
    0x08006150   0x08006150   0x00000110   Data   RO          954    locale$$data        c_w.l(lc_ctype_c.o)


    Execution Region RW_IRAM1 (Exec base: 0x20000000, Load base: 0x08006260, Size: 0x00001a98, Max: 0x00005000, ABSOLUTE, COMPRESSED[0x00000094])

    Exec Addr    Load Addr    Size         Type   Attr      Idx    E Section Name        Object

    0x20000000   COMPRESSED   0x00000002   Data   RW            3    .data               main.o
    0x20000002   COMPRESSED   0x00000002   PAD
    0x20000004   COMPRESSED   0x00000014   Data   RW          263    .data               system_stm32f10x.o
    0x20000018   COMPRESSED   0x0000000b   Data   RW          326    .data               adc.o
    0x20000023   COMPRESSED   0x00000001   PAD
    0x20000024   COMPRESSED   0x00000004   Data   RW          360    .data               delay.o
    0x20000028   COMPRESSED   0x00000014   Data   RW          432    .data               stm32f10x_rcc.o
    0x2000003c   COMPRESSED   0x00000002   Data   RW          507    .data               hw_config.o
    0x2000003e   COMPRESSED   0x0000001a   Data   RW          577    .data               usb_desc.o
    0x20000058   COMPRESSED   0x00000004   Data   RW          591    .data               usb_endp.o
    0x2000005c   COMPRESSED   0x00000044   Data   RW          606    .data               usb_istr.o
    0x200000a0   COMPRESSED   0x00000094   Data   RW          624    .data               usb_prop.o
    0x20000134   COMPRESSED   0x0000000c   Data   RW          648    .data               usb_pwr.o
    0x20000140   COMPRESSED   0x00000003   Data   RW          666    .data               usb_core.o
    0x20000143   COMPRESSED   0x00000001   PAD
    0x20000144   COMPRESSED   0x00000014   Data   RW          682    .data               usb_init.o
    0x20000158   COMPRESSED   0x00000004   Data   RW          704    .data               usb_int.o
    0x2000015c        -       0x000007d0   Zero   RW            2    .bss                main.o
    0x2000092c        -       0x00000446   Zero   RW          325    .bss                adc.o
    0x20000d72        -       0x00000644   Zero   RW          506    .bss                hw_config.o
    0x200013b6        -       0x00000040   Zero   RW          590    .bss                usb_endp.o
    0x200013f6   COMPRESSED   0x00000002   PAD
    0x200013f8        -       0x00000020   Zero   RW          647    .bss                usb_pwr.o
    0x20001418        -       0x0000001c   Zero   RW          681    .bss                usb_init.o
    0x20001434        -       0x00000060   Zero   RW          950    .bss                c_w.l(libspace.o)
    0x20001494   COMPRESSED   0x00000004   PAD
    0x20001498        -       0x00000200   Zero   RW          401    HEAP                startup_stm32f10x_hd.o
    0x20001698        -       0x00000400   Zero   RW          400    STACK               startup_stm32f10x_hd.o


==============================================================================

Image component sizes


      Code (inc. data)   RO Data    RW Data    ZI Data      Debug   Object Name

       796         58          0         11       1094       2858   adc.o
       212         18          0          4          0       1159   delay.o
       492         42          0          2       1604      17798   hw_config.o
       144          6          0          0          0     216329   led.o
       396         22          0          2       2000     238915   main.o
       220         22          0          0          0       1917   misc.o
        64         26        304          0       1536        836   startup_stm32f10x_hd.o
      1102         26          0          0          0      11161   stm32f10x_adc.o
       596          8          0          0          0       4482   stm32f10x_dma.o
       284         10          0          0          0       2375   stm32f10x_exti.o
       860         38          0          0          0       5849   stm32f10x_gpio.o
        26          0          0          0          0      48762   stm32f10x_it.o
       932         36          0         20          0       9088   stm32f10x_rcc.o
      3610         88          0          0          0      22960   stm32f10x_tim.o
         0          0          0          0          0         32   sys.o
       480         38          0         20          0       1911   system_stm32f10x.o
      2896        114          0          3          0       8371   usb_core.o
         0          0        177         26          0       1195   usb_desc.o
       220         16          0          4         64       1784   usb_endp.o
        96         24          0         20         28       4474   usb_init.o
       828         34          0          4          0       2147   usb_int.o
       464         38          0         68          0       1795   usb_istr.o
        92          6          0          0          0       1570   usb_mem.o
       576         40          0        148          0       7655   usb_prop.o
       472         32          0         12         32       3027   usb_pwr.o
      2056         20          0          0          0      12149   usb_regs.o
       128          8          0          0          0       1634   usb_sil.o

    ----------------------------------------------------------------------
     18048        770        516        348       6360     632233   Object Totals
         0          0         32          0          0          0   (incl. Generated)
         6          0          3          4          2          0   (incl. Padding)

    ----------------------------------------------------------------------

      Code (inc. data)   RO Data    RW Data    ZI Data      Debug   Library Member Name

        90          0          0          0          0          0   __dczerorl2.o
         8          0          0          0          0         68   __main.o
       392          4         17          0          0         92   __printf_flags_ss_wp.o
        14          0          0          0          0         68   __printf_wp.o
         0          0          0          0          0          0   __rtentry.o
        12          0          0          0          0          0   __rtentry2.o
         6          0          0          0          0          0   __rtentry4.o
        52          8          0          0          0          0   __scatter.o
        28          0          0          0          0          0   __scatter_zi.o
         6          0          0          0          0          0   _printf_a.o
         6          0          0          0          0          0   _printf_c.o
        44          0          0          0          0        108   _printf_char.o
        48          6          0          0          0         96   _printf_char_common.o
        40          0          0          0          0         68   _printf_charcount.o
         6          0          0          0          0          0   _printf_d.o
       120         16          0          0          0         92   _printf_dec.o
         6          0          0          0          0          0   _printf_e.o
         6          0          0          0          0          0   _printf_f.o
      1054          0          0          0          0        216   _printf_fp_dec.o
       128         16          0          0          0         84   _printf_fp_infnan.o
         6          0          0          0          0          0   _printf_g.o
       148          4         40          0          0        160   _printf_hex_int_ll_ptr.o
         6          0          0          0          0          0   _printf_i.o
       178          0          0          0          0         88   _printf_intcommon.o
        10          0          0          0          0          0   _printf_l.o
         6          0          0          0          0          0   _printf_lc.o
        10          0          0          0          0          0   _printf_ll.o
         6          0          0          0          0          0   _printf_lld.o
         6          0          0          0          0          0   _printf_lli.o
         6          0          0          0          0          0   _printf_llo.o
         6          0          0          0          0          0   _printf_llu.o
         6          0          0          0          0          0   _printf_llx.o
       124         16          0          0          0         92   _printf_longlong_dec.o
         6          0          0          0          0          0   _printf_ls.o
         6          0          0          0          0          0   _printf_n.o
         6          0          0          0          0          0   _printf_o.o
       112         10          0          0          0        124   _printf_oct_int_ll.o
         6          0          0          0          0          0   _printf_p.o
        78          0          0          0          0        108   _printf_pad.o
         0          0          0          0          0          0   _printf_percent.o
         4          0          0          0          0          0   _printf_percent_end.o
         6          0          0          0          0          0   _printf_s.o
        82          0          0          0          0         80   _printf_str.o
        36          0          0          0          0         84   _printf_truncate.o
         6          0          0          0          0          0   _printf_u.o
        44          0          0          0          0        108   _printf_wchar.o
       188          6          8          0          0         92   _printf_wctomb.o
         6          0          0          0          0          0   _printf_x.o
        10          0          0          0          0         68   _sputc.o
        64          0          0          0          0         92   _wcrtomb.o
       228          4        148          0          0         96   bigflt0.o
      1936        128          0          0          0        672   btod.o
        36          4          0          0          0         76   c89vsprintf.o
        18          0          0          0          0         80   exit.o
         6          0          0          0          0        152   heapauxi.o
         0          0          0          0          0          0   indicate_semi.o
        44         10        272          0          0         76   lc_ctype_c.o
        44         10         28          0          0         76   lc_numeric_c.o
         2          0          0          0          0          0   libinit.o
        30          0          0          0          0          0   libinit2.o
         2          0          0          0          0          0   libshutdown.o
         2          0          0          0          0          0   libshutdown2.o
         8          4          0          0         96         68   libspace.o
       138          0          0          0          0         80   lludiv10.o
        16          4          0          0          0         76   rt_ctype_table.o
         8          4          0          0          0         68   rt_locale_intlibspace.o
         2          0          0          0          0          0   rtexit.o
        10          0          0          0          0          0   rtexit2.o
       128          0          0          0          0         68   strcmpv7m.o
        62          0          0          0          0         76   strlen.o
        12          4          0          0          0         68   sys_exit.o
        74          0          0          0          0         80   sys_stackheap_outer.o
         2          0          0          0          0         68   use_no_semi.o
         4          0          0          0          0         68   printf1.o
         0          0          0          0          0          0   usenofp.o
        40          0          0          0          0         68   fpclassify.o

    ----------------------------------------------------------------------
      6104        258        516          0        100       4004   Library Totals
         8          0          3          0          4          0   (incl. Padding)

    ----------------------------------------------------------------------

      Code (inc. data)   RO Data    RW Data    ZI Data      Debug   Library Name

      6052        258        513          0         96       3868   c_w.l
         4          0          0          0          0         68   fz_ws.l
        40          0          0          0          0         68   m_ws.l

    ----------------------------------------------------------------------
      6104        258        516          0        100       4004   Library Totals

    ----------------------------------------------------------------------

==============================================================================


      Code (inc. data)   RO Data    RW Data    ZI Data      Debug   

     24152       1028       1032        348       6460     631709   Grand Totals
     24152       1028       1032        148       6460     631709   ELF Image Totals (compressed)
     24152       1028       1032        148          0          0   ROM Totals

==============================================================================

    Total RO  Size (Code + RO Data)                25184 (  24.59kB)
    Total RW  Size (RW Data + ZI Data)              6808 (   6.65kB)
    Total ROM Size (Code + RO Data + RW Data)      25332 (  24.74kB)

==============================================================================

